#
# There is insufficient memory for the Java Runtime Environment to continue.
# Native memory allocation (malloc) failed to allocate 32784 bytes. Error detail: Chunk::new
# Possible reasons:
#   The system is out of physical RAM or swap space
#   This process is running with CompressedOops enabled, and the Java Heap may be blocking the growth of the native heap
# Possible solutions:
#   Reduce memory load on the system
#   Increase physical memory or swap space
#   Check if swap backing store is full
#   Decrease Java heap size (-Xmx/-Xms)
#   Decrease number of Java threads
#   Decrease Java thread stack sizes (-Xss)
#   Set larger code cache with -XX:ReservedCodeCacheSize=
#   JVM is running with Unscaled Compressed Oops mode in which the Java heap is
#     placed in the first 4GB address space. The Java Heap base address is the
#     maximum limit for the native heap growth. Please use -XX:HeapBaseMinAddress
#     to set the Java Heap base and to place the Java Heap above 4GB virtual address.
# This output file may be truncated or incomplete.
#
#  Out of Memory Error (arena.cpp:168), pid=10712, tid=20900
#
# JRE version: OpenJDK Runtime Environment (21.0.10) (build 21.0.10+-14961533-b1163.108)
# Java VM: OpenJDK 64-Bit Server VM (21.0.10+-14961533-b1163.108, mixed mode, tiered, compressed oops, compressed class ptrs, g1 gc, windows-amd64)
# No core dump will be written. Minidumps are not enabled by default on client versions of Windows
#

---------------  S U M M A R Y ------------

Command Line: --add-opens=java.base/java.lang=ALL-UNNAMED --add-opens=java.base/java.lang.invoke=ALL-UNNAMED --add-opens=java.base/java.util=ALL-UNNAMED --add-opens=java.prefs/java.util.prefs=ALL-UNNAMED --add-exports=jdk.compiler/com.sun.tools.javac.api=ALL-UNNAMED --add-exports=jdk.compiler/com.sun.tools.javac.util=ALL-UNNAMED --add-opens=java.base/java.util=ALL-UNNAMED --add-opens=java.prefs/java.util.prefs=ALL-UNNAMED --add-opens=java.base/java.nio.charset=ALL-UNNAMED --add-opens=java.base/java.net=ALL-UNNAMED --add-opens=java.base/java.util.concurrent=ALL-UNNAMED --add-opens=java.base/java.util.concurrent.atomic=ALL-UNNAMED --add-opens=java.xml/javax.xml.namespace=ALL-UNNAMED --add-opens=java.base/java.time=ALL-UNNAMED -Xmx2048m -Dfile.encoding=UTF-8 -Duser.country=IN -Duser.language=en -Duser.variant -javaagent:C:\Users\DELL\.gradle\wrapper\dists\gradle-9.4.1-bin\arn2x92ynaizyzdaamcbpbhtj\gradle-9.4.1\lib\agents\gradle-instrumentation-agent-9.4.1.jar org.gradle.launcher.daemon.bootstrap.GradleDaemon 9.4.1

Host: Intel(R) Core(TM) i5-8350U CPU @ 1.70GHz, 4 cores, 7G,  Windows 11 , 64 bit Build 26100 (10.0.26100.6725)
Time: Fri May 29 21:23:09 2026 India Standard Time elapsed time: 25.178024 seconds (0d 0h 0m 25s)

---------------  T H R E A D  ---------------

Current thread (0x0000023d130a61a0):  JavaThread "C2 CompilerThread0" daemon [_thread_in_native, id=20900, stack(0x000000a2cfd00000,0x000000a2cfe00000) (1024K)]


Current CompileTask:
C2:25178 13642 %     4       com.google.common.collect.MapMakerInternalMap$Segment::expand @ 56 (276 bytes)

Stack: [0x000000a2cfd00000,0x000000a2cfe00000]
Native frames: (J=compiled Java code, j=interpreted, Vv=VM code, C=native code)
V  [jvm.dll+0x6d78a9]
V  [jvm.dll+0x8665b3]
V  [jvm.dll+0x868bde]
V  [jvm.dll+0x8692c3]
V  [jvm.dll+0x280ee6]
V  [jvm.dll+0xc07cd]
V  [jvm.dll+0xc0d03]
V  [jvm.dll+0xc08f5]
V  [jvm.dll+0x6b418c]
V  [jvm.dll+0x5ef8eb]
V  [jvm.dll+0x5ef346]
V  [jvm.dll+0x5ee83e]
V  [jvm.dll+0x600b4a]
V  [jvm.dll+0x252ce2]
V  [jvm.dll+0x24b4dd]
V  [jvm.dll+0x24909e]
V  [jvm.dll+0x1c76e4]
V  [jvm.dll+0x25891e]
V  [jvm.dll+0x256e66]
V  [jvm.dll+0x3f513e]
V  [jvm.dll+0x80fd28]
V  [jvm.dll+0x6d60fd]
C  [ucrtbase.dll+0x37b0]
C  [KERNEL32.DLL+0x2e8d7]
C  [ntdll.dll+0x8c53c]


---------------  P R O C E S S  ---------------

Threads class SMR info:
_java_thread_list=0x0000023d197787a0, length=51, elements={
0x0000023d7777b440, 0x0000023d1303e340, 0x0000023d13051c20, 0x0000023d13043a60,
0x0000023d13074cb0, 0x0000023d13075710, 0x0000023d13076ce0, 0x0000023d13078a50,
0x0000023d130a61a0, 0x0000023d130ac460, 0x0000023d133ac6a0, 0x0000023d14b786b0,
0x0000023d14a36860, 0x0000023d14519000, 0x0000023d150c68a0, 0x0000023d14db5150,
0x0000023d14f92ce0, 0x0000023d144b4d50, 0x0000023d144b53e0, 0x0000023d144b25f0,
0x0000023d144b4030, 0x0000023d144b3310, 0x0000023d144b1f60, 0x0000023d144b39a0,
0x0000023d16b70df0, 0x0000023d16b70760, 0x0000023d16b6f3b0, 0x0000023d16b6fa40,
0x0000023d16b6e000, 0x0000023d16b6d970, 0x0000023d16b6e690, 0x0000023d16b73be0,
0x0000023d16b71480, 0x0000023d16b71b10, 0x0000023d16b74270, 0x0000023d16b73550,
0x0000023d16eae710, 0x0000023d16eaf430, 0x0000023d16eb1500, 0x0000023d16eb2220,
0x0000023d16eb28b0, 0x0000023d16eb35d0, 0x0000023d16eb42f0, 0x0000023d14ee6d40,
0x0000023d14ee8e10, 0x0000023d14ee5990, 0x0000023d14ee94a0, 0x0000023d14ee6020,
0x0000023d14ee66b0, 0x0000023d14eea850, 0x0000023d14ee45e0
}

Java Threads: ( => current thread )
  0x0000023d7777b440 JavaThread "main"                              [_thread_blocked, id=13244, stack(0x000000a2cee00000,0x000000a2cef00000) (1024K)]
  0x0000023d1303e340 JavaThread "Common-Cleaner"             daemon [_thread_blocked, id=17704, stack(0x000000a2cf600000,0x000000a2cf700000) (1024K)]
  0x0000023d13051c20 JavaThread "Reference Handler"          daemon [_thread_blocked, id=532, stack(0x000000a2cf700000,0x000000a2cf800000) (1024K)]
  0x0000023d13043a60 JavaThread "Finalizer"                  daemon [_thread_blocked, id=2204, stack(0x000000a2cf800000,0x000000a2cf900000) (1024K)]
  0x0000023d13074cb0 JavaThread "Signal Dispatcher"          daemon [_thread_blocked, id=15404, stack(0x000000a2cf900000,0x000000a2cfa00000) (1024K)]
  0x0000023d13075710 JavaThread "Attach Listener"            daemon [_thread_blocked, id=15384, stack(0x000000a2cfa00000,0x000000a2cfb00000) (1024K)]
  0x0000023d13076ce0 JavaThread "Service Thread"             daemon [_thread_blocked, id=20748, stack(0x000000a2cfb00000,0x000000a2cfc00000) (1024K)]
  0x0000023d13078a50 JavaThread "Monitor Deflation Thread"   daemon [_thread_blocked, id=20912, stack(0x000000a2cfc00000,0x000000a2cfd00000) (1024K)]
=>0x0000023d130a61a0 JavaThread "C2 CompilerThread0"         daemon [_thread_in_native, id=20900, stack(0x000000a2cfd00000,0x000000a2cfe00000) (1024K)]
  0x0000023d130ac460 JavaThread "C1 CompilerThread0"         daemon [_thread_blocked, id=7964, stack(0x000000a2cfe00000,0x000000a2cff00000) (1024K)]
  0x0000023d133ac6a0 JavaThread "Notification Thread"        daemon [_thread_blocked, id=8544, stack(0x000000a2cff00000,0x000000a2d0000000) (1024K)]
  0x0000023d14b786b0 JavaThread "Daemon health stats"               [_thread_blocked, id=16668, stack(0x000000a2d0400000,0x000000a2d0500000) (1024K)]
  0x0000023d14a36860 JavaThread "Incoming local TCP Connector on port 54802"        [_thread_in_native, id=16536, stack(0x000000a2d0500000,0x000000a2d0600000) (1024K)]
  0x0000023d14519000 JavaThread "Daemon periodic checks"            [_thread_blocked, id=16608, stack(0x000000a2d0600000,0x000000a2d0700000) (1024K)]
  0x0000023d150c68a0 JavaThread "Daemon"                            [_thread_blocked, id=16528, stack(0x000000a2d0700000,0x000000a2d0800000) (1024K)]
  0x0000023d14db5150 JavaThread "Handler for socket connection from /127.0.0.1:54802 to /127.0.0.1:54803"        [_thread_in_native, id=13464, stack(0x000000a2d0800000,0x000000a2d0900000) (1024K)]
  0x0000023d14f92ce0 JavaThread "Cancel handler"                    [_thread_blocked, id=1976, stack(0x000000a2d0900000,0x000000a2d0a00000) (1024K)]
  0x0000023d144b4d50 JavaThread "Daemon worker"                     [_thread_blocked, id=15872, stack(0x000000a2d0a00000,0x000000a2d0b00000) (1024K)]
  0x0000023d144b53e0 JavaThread "Asynchronous log dispatcher for DefaultDaemonConnection: socket connection from /127.0.0.1:54802 to /127.0.0.1:54803"        [_thread_blocked, id=15888, stack(0x000000a2d0b00000,0x000000a2d0c00000) (1024K)]
  0x0000023d144b25f0 JavaThread "Stdin handler"                     [_thread_blocked, id=15852, stack(0x000000a2d0c00000,0x000000a2d0d00000) (1024K)]
  0x0000023d144b4030 JavaThread "Daemon client event forwarder"        [_thread_blocked, id=14780, stack(0x000000a2d0d00000,0x000000a2d0e00000) (1024K)]
  0x0000023d144b3310 JavaThread "Cache worker for journal cache (C:\Users\DELL\.gradle\caches\journal-1)"        [_thread_blocked, id=15876, stack(0x000000a2d0e00000,0x000000a2d0f00000) (1024K)]
  0x0000023d144b1f60 JavaThread "File lock request listener"        [_thread_in_native, id=14728, stack(0x000000a2d0f00000,0x000000a2d1000000) (1024K)]
  0x0000023d144b39a0 JavaThread "Cache worker for file hash cache (C:\Users\DELL\.gradle\caches\9.4.1\fileHashes)"        [_thread_blocked, id=15796, stack(0x000000a2d1000000,0x000000a2d1100000) (1024K)]
  0x0000023d16b70df0 JavaThread "Cache worker for file hash cache (C:\Users\DELL\AndroidStudioProjects\firstapp\.gradle\9.4.1\fileHashes)"        [_thread_blocked, id=14152, stack(0x000000a2d1100000,0x000000a2d1200000) (1024K)]
  0x0000023d16b70760 JavaThread "Cache worker for Build Output Cleanup Cache (C:\Users\DELL\AndroidStudioProjects\firstapp\.gradle\buildOutputCleanup)"        [_thread_blocked, id=600, stack(0x000000a2d1200000,0x000000a2d1300000) (1024K)]
  0x0000023d16b6f3b0 JavaThread "File watcher server"        daemon [_thread_in_native, id=15476, stack(0x000000a2d1300000,0x000000a2d1400000) (1024K)]
  0x0000023d16b6fa40 JavaThread "File watcher consumer"      daemon [_thread_blocked, id=9532, stack(0x000000a2d1400000,0x000000a2d1500000) (1024K)]
  0x0000023d16b6e000 JavaThread "Cache worker for file content cache (C:\Users\DELL\.gradle\caches\9.4.1\fileContent)"        [_thread_blocked, id=17568, stack(0x000000a2d1500000,0x000000a2d1600000) (1024K)]
  0x0000023d16b6d970 JavaThread "Cache worker for checksums cache (C:\Users\DELL\AndroidStudioProjects\firstapp\.gradle\9.4.1\checksums)"        [_thread_blocked, id=15380, stack(0x000000a2d1600000,0x000000a2d1700000) (1024K)]
  0x0000023d16b6e690 JavaThread "Cache worker for cache directory md-supplier (C:\Users\DELL\.gradle\caches\9.4.1\md-supplier)"        [_thread_blocked, id=3404, stack(0x000000a2d1700000,0x000000a2d1800000) (1024K)]
  0x0000023d16b73be0 JavaThread "Cache worker for cache directory md-rule (C:\Users\DELL\.gradle\caches\9.4.1\md-rule)"        [_thread_blocked, id=19356, stack(0x000000a2d1800000,0x000000a2d1900000) (1024K)]
  0x0000023d16b71480 JavaThread "jar transforms"                    [_thread_blocked, id=8548, stack(0x000000a2d1900000,0x000000a2d1a00000) (1024K)]
  0x0000023d16b71b10 JavaThread "jar transforms Thread 2"           [_thread_blocked, id=19612, stack(0x000000a2d1a00000,0x000000a2d1b00000) (1024K)]
  0x0000023d16b74270 JavaThread "jar transforms Thread 3"           [_thread_blocked, id=11424, stack(0x000000a2d1b00000,0x000000a2d1c00000) (1024K)]
  0x0000023d16b73550 JavaThread "Build operations"                  [_thread_blocked, id=21424, stack(0x000000a2d1c00000,0x000000a2d1d00000) (1024K)]
  0x0000023d16eae710 JavaThread "Build operations Thread 2"         [_thread_in_vm, id=15340, stack(0x000000a2d1d00000,0x000000a2d1e00000) (1024K)]
  0x0000023d16eaf430 JavaThread "Build operations Thread 3"         [_thread_blocked, id=9984, stack(0x000000a2d1e00000,0x000000a2d1f00000) (1024K)]
  0x0000023d16eb1500 JavaThread "Build operations Thread 4"         [_thread_in_vm, id=1840, stack(0x000000a2d1f00000,0x000000a2d2000000) (1024K)]
  0x0000023d16eb2220 JavaThread "jar transforms Thread 4"           [_thread_blocked, id=14736, stack(0x000000a2d2000000,0x000000a2d2100000) (1024K)]
  0x0000023d16eb28b0 JavaThread "build event listener"              [_thread_blocked, id=21612, stack(0x000000a2d2100000,0x000000a2d2200000) (1024K)]
  0x0000023d16eb35d0 JavaThread "Memory manager"                    [_thread_blocked, id=20920, stack(0x000000a2d2200000,0x000000a2d2300000) (1024K)]
  0x0000023d16eb42f0 JavaThread "build event listener"              [_thread_blocked, id=3216, stack(0x000000a2d2300000,0x000000a2d2400000) (1024K)]
  0x0000023d14ee6d40 JavaThread "pool-3-thread-1"                   [_thread_blocked, id=316, stack(0x000000a2d2400000,0x000000a2d2500000) (1024K)]
  0x0000023d14ee8e10 JavaThread "build event listener"              [_thread_blocked, id=19696, stack(0x000000a2d2500000,0x000000a2d2600000) (1024K)]
  0x0000023d14ee5990 JavaThread "included builds"                   [_thread_blocked, id=3324, stack(0x000000a2d2600000,0x000000a2d2700000) (1024K)]
  0x0000023d14ee94a0 JavaThread "Execution worker"                  [_thread_blocked, id=21360, stack(0x000000a2d2700000,0x000000a2d2800000) (1024K)]
  0x0000023d14ee6020 JavaThread "Execution worker Thread 2"         [_thread_blocked, id=20760, stack(0x000000a2d2800000,0x000000a2d2900000) (1024K)]
  0x0000023d14ee66b0 JavaThread "Execution worker Thread 3"         [_thread_blocked, id=18088, stack(0x000000a2d2900000,0x000000a2d2a00000) (1024K)]
  0x0000023d14eea850 JavaThread "Cache worker for execution history cache (C:\Users\DELL\AndroidStudioProjects\firstapp\.gradle\9.4.1\executionHistory)"        [_thread_blocked, id=15544, stack(0x000000a2d2a00000,0x000000a2d2b00000) (1024K)]
  0x0000023d14ee45e0 JavaThread "WorkerExecutor Queue"              [_thread_blocked, id=2604, stack(0x000000a2d2b00000,0x000000a2d2c00000) (1024K)]
Total: 51

Other Threads:
  0x0000023d7fd64cd0 VMThread "VM Thread"                           [id=9344, stack(0x000000a2cf500000,0x000000a2cf600000) (1024K)]
  0x0000023d7fd22050 WatcherThread "VM Periodic Task Thread"        [id=3720, stack(0x000000a2cf400000,0x000000a2cf500000) (1024K)]
  0x0000023d777d2d00 WorkerThread "GC Thread#0"                     [id=9484, stack(0x000000a2cef00000,0x000000a2cf000000) (1024K)]
  0x0000023d13596ad0 WorkerThread "GC Thread#1"                     [id=4436, stack(0x000000a2d0100000,0x000000a2d0200000) (1024K)]
  0x0000023d13596e80 WorkerThread "GC Thread#2"                     [id=20636, stack(0x000000a2d0200000,0x000000a2d0300000) (1024K)]
  0x0000023d143ad840 WorkerThread "GC Thread#3"                     [id=19476, stack(0x000000a2d0300000,0x000000a2d0400000) (1024K)]
  0x0000023d777e3c00 ConcurrentGCThread "G1 Main Marker"            [id=18224, stack(0x000000a2cf000000,0x000000a2cf100000) (1024K)]
  0x0000023d777e5460 WorkerThread "G1 Conc#0"                       [id=19192, stack(0x000000a2cf100000,0x000000a2cf200000) (1024K)]
  0x0000023d7783e160 ConcurrentGCThread "G1 Refine#0"               [id=18688, stack(0x000000a2cf200000,0x000000a2cf300000) (1024K)]
  0x0000023d7783ea90 ConcurrentGCThread "G1 Service"                [id=19904, stack(0x000000a2cf300000,0x000000a2cf400000) (1024K)]
Total: 10

Threads with active compile tasks:
C2 CompilerThread0  25250 13642 %     4       com.google.common.collect.MapMakerInternalMap$Segment::expand @ 56 (276 bytes)
Total: 1

VM state: not at safepoint (normal execution)

VM Mutex/Monitor currently owned by a thread:  ([mutex/lock_event])
[0x00007fff763064d0] Metaspace_lock - owner thread: 0x0000023d16eae710

OutOfMemory and StackOverflow Exception counts:
OutOfMemoryError java_heap_errors=2
LinkageErrors=247

Heap address: 0x0000000080000000, size: 2048 MB, Compressed Oops mode: 32-bit

CDS archive(s) not mapped
Compressed class space mapped at: 0x0000000100000000-0x0000000140000000, reserved size: 1073741824
Narrow klass base: 0x0000000000000000, Narrow klass shift: 3, Narrow klass range: 0x140000000

GC Precious Log:
 CardTable entry size: 512
 Card Set container configuration: InlinePtr #cards 5 size 8 Array Of Cards #cards 12 size 40 Howl #buckets 4 coarsen threshold 1843 Howl Bitmap #cards 512 size 80 coarsen threshold 460 Card regions per heap region 1 cards per card region 2048
 CPUs: 4 total, 4 available
 Memory: 8050M
 Large Page Support: Disabled
 NUMA Support: Disabled
 Compressed Oops: Enabled (32-bit)
 Heap Region Size: 1M
 Heap Min Capacity: 8M
 Heap Initial Capacity: 126M
 Heap Max Capacity: 2G
 Pre-touch: Disabled
 Parallel Workers: 4
 Concurrent Workers: 1
 Concurrent Refinement Workers: 4
 Periodic GC: Disabled

Heap:
 garbage-first heap   total 232448K, used 172032K [0x0000000080000000, 0x0000000100000000)
  region size 1024K, 55 young (56320K), 8 survivors (8192K)
 Metaspace       used 122752K, committed 125120K, reserved 1179648K
  class space    used 17243K, committed 18432K, reserved 1048576K

Heap Regions: E=young(eden), S=young(survivor), O=old, HS=humongous(starts), HC=humongous(continues), CS=collection set, F=free, TAMS=top-at-mark-start, PB=parsable bottom
|   0|0x0000000080000000, 0x0000000080100000, 0x0000000080100000|100%|HS|  |TAMS 0x0000000080100000| PB 0x0000000080000000| Complete 
|   1|0x0000000080100000, 0x0000000080200000, 0x0000000080200000|100%|HC|  |TAMS 0x0000000080200000| PB 0x0000000080100000| Complete 
|   2|0x0000000080200000, 0x0000000080300000, 0x0000000080300000|100%|HC|  |TAMS 0x0000000080300000| PB 0x0000000080200000| Complete 
|   3|0x0000000080300000, 0x0000000080400000, 0x0000000080400000|100%|HC|  |TAMS 0x0000000080400000| PB 0x0000000080300000| Complete 
|   4|0x0000000080400000, 0x0000000080500000, 0x0000000080500000|100%| O|  |TAMS 0x0000000080500000| PB 0x0000000080400000| Updating 
|   5|0x0000000080500000, 0x0000000080600000, 0x0000000080600000|100%| O|  |TAMS 0x0000000080600000| PB 0x0000000080500000| Updating 
|   6|0x0000000080600000, 0x0000000080700000, 0x0000000080700000|100%| O|  |TAMS 0x0000000080700000| PB 0x0000000080600000| Untracked 
|   7|0x0000000080700000, 0x0000000080800000, 0x0000000080800000|100%| O|  |TAMS 0x0000000080800000| PB 0x0000000080700000| Untracked 
|   8|0x0000000080800000, 0x0000000080900000, 0x0000000080900000|100%|HS|  |TAMS 0x0000000080900000| PB 0x0000000080800000| Complete 
|   9|0x0000000080900000, 0x0000000080a00000, 0x0000000080a00000|100%| O|  |TAMS 0x0000000080a00000| PB 0x0000000080900000| Untracked 
|  10|0x0000000080a00000, 0x0000000080b00000, 0x0000000080b00000|100%| O|  |TAMS 0x0000000080b00000| PB 0x0000000080a00000| Untracked 
|  11|0x0000000080b00000, 0x0000000080c00000, 0x0000000080c00000|100%| O|  |TAMS 0x0000000080c00000| PB 0x0000000080b00000| Untracked 
|  12|0x0000000080c00000, 0x0000000080d00000, 0x0000000080d00000|100%| O|  |TAMS 0x0000000080d00000| PB 0x0000000080c00000| Updating 
|  13|0x0000000080d00000, 0x0000000080e00000, 0x0000000080e00000|100%| O|  |TAMS 0x0000000080e00000| PB 0x0000000080d00000| Updating 
|  14|0x0000000080e00000, 0x0000000080f00000, 0x0000000080f00000|100%| O|  |TAMS 0x0000000080f00000| PB 0x0000000080e00000| Untracked 
|  15|0x0000000080f00000, 0x0000000081000000, 0x0000000081000000|100%| O|  |TAMS 0x0000000081000000| PB 0x0000000080f00000| Untracked 
|  16|0x0000000081000000, 0x0000000081100000, 0x0000000081100000|100%| O|  |TAMS 0x0000000081100000| PB 0x0000000081000000| Untracked 
|  17|0x0000000081100000, 0x0000000081200000, 0x0000000081200000|100%| O|  |TAMS 0x0000000081200000| PB 0x0000000081100000| Untracked 
|  18|0x0000000081200000, 0x0000000081300000, 0x0000000081300000|100%| O|  |TAMS 0x0000000081300000| PB 0x0000000081200000| Untracked 
|  19|0x0000000081300000, 0x0000000081400000, 0x0000000081400000|100%| O|  |TAMS 0x0000000081400000| PB 0x0000000081300000| Untracked 
|  20|0x0000000081400000, 0x0000000081500000, 0x0000000081500000|100%| O|  |TAMS 0x0000000081500000| PB 0x0000000081400000| Untracked 
|  21|0x0000000081500000, 0x0000000081600000, 0x0000000081600000|100%| O|  |TAMS 0x0000000081600000| PB 0x0000000081500000| Updating 
|  22|0x0000000081600000, 0x0000000081700000, 0x0000000081700000|100%| O|  |TAMS 0x0000000081700000| PB 0x0000000081600000| Untracked 
|  23|0x0000000081700000, 0x0000000081800000, 0x0000000081800000|100%| O|  |TAMS 0x0000000081800000| PB 0x0000000081700000| Untracked 
|  24|0x0000000081800000, 0x0000000081900000, 0x0000000081900000|100%| O|  |TAMS 0x0000000081900000| PB 0x0000000081800000| Updating 
|  25|0x0000000081900000, 0x0000000081a00000, 0x0000000081a00000|100%| O|  |TAMS 0x0000000081a00000| PB 0x0000000081900000| Untracked 
|  26|0x0000000081a00000, 0x0000000081b00000, 0x0000000081b00000|100%| O|  |TAMS 0x0000000081b00000| PB 0x0000000081a00000| Updating 
|  27|0x0000000081b00000, 0x0000000081c00000, 0x0000000081c00000|100%| O|  |TAMS 0x0000000081c00000| PB 0x0000000081b00000| Untracked 
|  28|0x0000000081c00000, 0x0000000081d00000, 0x0000000081d00000|100%| O|  |TAMS 0x0000000081d00000| PB 0x0000000081c00000| Untracked 
|  29|0x0000000081d00000, 0x0000000081e00000, 0x0000000081e00000|100%| O|  |TAMS 0x0000000081e00000| PB 0x0000000081d00000| Untracked 
|  30|0x0000000081e00000, 0x0000000081f00000, 0x0000000081f00000|100%| O|  |TAMS 0x0000000081f00000| PB 0x0000000081e00000| Untracked 
|  31|0x0000000081f00000, 0x0000000082000000, 0x0000000082000000|100%| O|  |TAMS 0x0000000082000000| PB 0x0000000081f00000| Untracked 
|  32|0x0000000082000000, 0x0000000082100000, 0x0000000082100000|100%|HS|  |TAMS 0x0000000082100000| PB 0x0000000082000000| Complete 
|  33|0x0000000082100000, 0x0000000082200000, 0x0000000082200000|100%|HC|  |TAMS 0x0000000082200000| PB 0x0000000082100000| Complete 
|  34|0x0000000082200000, 0x0000000082300000, 0x0000000082300000|100%| O|  |TAMS 0x0000000082300000| PB 0x0000000082200000| Untracked 
|  35|0x0000000082300000, 0x0000000082400000, 0x0000000082400000|100%| O|  |TAMS 0x0000000082400000| PB 0x0000000082300000| Untracked 
|  36|0x0000000082400000, 0x0000000082500000, 0x0000000082500000|100%| O|  |TAMS 0x0000000082500000| PB 0x0000000082400000| Untracked 
|  37|0x0000000082500000, 0x0000000082600000, 0x0000000082600000|100%| O|  |TAMS 0x0000000082600000| PB 0x0000000082500000| Untracked 
|  38|0x0000000082600000, 0x0000000082700000, 0x0000000082700000|100%| O|  |TAMS 0x0000000082700000| PB 0x0000000082600000| Untracked 
|  39|0x0000000082700000, 0x0000000082800000, 0x0000000082800000|100%| O|  |TAMS 0x0000000082800000| PB 0x0000000082700000| Untracked 
|  40|0x0000000082800000, 0x0000000082900000, 0x0000000082900000|100%| O|  |TAMS 0x0000000082900000| PB 0x0000000082800000| Untracked 
|  41|0x0000000082900000, 0x0000000082a00000, 0x0000000082a00000|100%| O|  |TAMS 0x0000000082a00000| PB 0x0000000082900000| Untracked 
|  42|0x0000000082a00000, 0x0000000082b00000, 0x0000000082b00000|100%|HS|  |TAMS 0x0000000082b00000| PB 0x0000000082a00000| Complete 
|  43|0x0000000082b00000, 0x0000000082c00000, 0x0000000082c00000|100%| O|  |TAMS 0x0000000082c00000| PB 0x0000000082b00000| Untracked 
|  44|0x0000000082c00000, 0x0000000082d00000, 0x0000000082d00000|100%|HS|  |TAMS 0x0000000082d00000| PB 0x0000000082c00000| Complete 
|  45|0x0000000082d00000, 0x0000000082e00000, 0x0000000082e00000|100%|HS|  |TAMS 0x0000000082e00000| PB 0x0000000082d00000| Complete 
|  46|0x0000000082e00000, 0x0000000082f00000, 0x0000000082f00000|100%| O|  |TAMS 0x0000000082f00000| PB 0x0000000082e00000| Untracked 
|  47|0x0000000082f00000, 0x0000000083000000, 0x0000000083000000|100%| O|  |TAMS 0x0000000083000000| PB 0x0000000082f00000| Untracked 
|  48|0x0000000083000000, 0x0000000083100000, 0x0000000083100000|100%| O|  |TAMS 0x0000000083100000| PB 0x0000000083000000| Untracked 
|  49|0x0000000083100000, 0x0000000083200000, 0x0000000083200000|100%| O|  |TAMS 0x0000000083200000| PB 0x0000000083100000| Untracked 
|  50|0x0000000083200000, 0x0000000083300000, 0x0000000083300000|100%|HS|  |TAMS 0x0000000083300000| PB 0x0000000083200000| Complete 
|  51|0x0000000083300000, 0x0000000083400000, 0x0000000083400000|100%|HC|  |TAMS 0x0000000083400000| PB 0x0000000083300000| Complete 
|  52|0x0000000083400000, 0x0000000083500000, 0x0000000083500000|100%|HS|  |TAMS 0x0000000083500000| PB 0x0000000083400000| Complete 
|  53|0x0000000083500000, 0x0000000083600000, 0x0000000083600000|100%| O|  |TAMS 0x0000000083600000| PB 0x0000000083500000| Updating 
|  54|0x0000000083600000, 0x0000000083700000, 0x0000000083700000|100%|HS|  |TAMS 0x0000000083700000| PB 0x0000000083600000| Complete 
|  55|0x0000000083700000, 0x0000000083800000, 0x0000000083800000|100%|HS|  |TAMS 0x0000000083800000| PB 0x0000000083700000| Complete 
|  56|0x0000000083800000, 0x0000000083900000, 0x0000000083900000|100%| O|  |TAMS 0x0000000083900000| PB 0x0000000083800000| Untracked 
|  57|0x0000000083900000, 0x0000000083a00000, 0x0000000083a00000|100%| O|  |TAMS 0x0000000083a00000| PB 0x0000000083900000| Untracked 
|  58|0x0000000083a00000, 0x0000000083b00000, 0x0000000083b00000|100%| O|  |TAMS 0x0000000083b00000| PB 0x0000000083a00000| Untracked 
|  59|0x0000000083b00000, 0x0000000083c00000, 0x0000000083c00000|100%| O|  |TAMS 0x0000000083c00000| PB 0x0000000083b00000| Untracked 
|  60|0x0000000083c00000, 0x0000000083d00000, 0x0000000083d00000|100%| O|  |TAMS 0x0000000083d00000| PB 0x0000000083c00000| Untracked 
|  61|0x0000000083d00000, 0x0000000083e00000, 0x0000000083e00000|100%| O|  |TAMS 0x0000000083e00000| PB 0x0000000083d00000| Updating 
|  62|0x0000000083e00000, 0x0000000083f00000, 0x0000000083f00000|100%| O|  |TAMS 0x0000000083e00000| PB 0x0000000083e00000| Untracked 
|  63|0x0000000083f00000, 0x0000000084000000, 0x0000000084000000|100%|HS|  |TAMS 0x0000000084000000| PB 0x0000000083f00000| Complete 
|  64|0x0000000084000000, 0x0000000084100000, 0x0000000084100000|100%|HC|  |TAMS 0x0000000084100000| PB 0x0000000084000000| Complete 
|  65|0x0000000084100000, 0x0000000084200000, 0x0000000084200000|100%| O|  |TAMS 0x0000000084200000| PB 0x0000000084100000| Untracked 
|  66|0x0000000084200000, 0x0000000084300000, 0x0000000084300000|100%| O|  |TAMS 0x0000000084300000| PB 0x0000000084200000| Updating 
|  67|0x0000000084300000, 0x0000000084400000, 0x0000000084400000|100%| O|  |TAMS 0x0000000084400000| PB 0x0000000084300000| Untracked 
|  68|0x0000000084400000, 0x0000000084500000, 0x0000000084500000|100%| O|  |TAMS 0x0000000084500000| PB 0x0000000084400000| Untracked 
|  69|0x0000000084500000, 0x0000000084600000, 0x0000000084600000|100%| O|  |TAMS 0x0000000084600000| PB 0x0000000084500000| Untracked 
|  70|0x0000000084600000, 0x0000000084700000, 0x0000000084700000|100%| O|  |TAMS 0x0000000084700000| PB 0x0000000084600000| Untracked 
|  71|0x0000000084700000, 0x0000000084800000, 0x0000000084800000|100%| O|  |TAMS 0x0000000084800000| PB 0x0000000084700000| Untracked 
|  72|0x0000000084800000, 0x0000000084900000, 0x0000000084900000|100%| O|  |TAMS 0x0000000084900000| PB 0x0000000084800000| Untracked 
|  73|0x0000000084900000, 0x0000000084a00000, 0x0000000084a00000|100%| O|  |TAMS 0x0000000084a00000| PB 0x0000000084900000| Untracked 
|  74|0x0000000084a00000, 0x0000000084b00000, 0x0000000084b00000|100%|HS|  |TAMS 0x0000000084b00000| PB 0x0000000084a00000| Complete 
|  75|0x0000000084b00000, 0x0000000084c00000, 0x0000000084c00000|100%| O|  |TAMS 0x0000000084c00000| PB 0x0000000084b00000| Untracked 
|  76|0x0000000084c00000, 0x0000000084d00000, 0x0000000084d00000|100%| O|  |TAMS 0x0000000084d00000| PB 0x0000000084c00000| Untracked 
|  77|0x0000000084d00000, 0x0000000084e00000, 0x0000000084e00000|100%| O|  |TAMS 0x0000000084e00000| PB 0x0000000084d00000| Updating 
|  78|0x0000000084e00000, 0x0000000084f00000, 0x0000000084f00000|100%| O|  |TAMS 0x0000000084f00000| PB 0x0000000084e00000| Updating 
|  79|0x0000000084f00000, 0x0000000085000000, 0x0000000085000000|100%| O|  |TAMS 0x0000000085000000| PB 0x0000000084f00000| Untracked 
|  80|0x0000000085000000, 0x0000000085100000, 0x0000000085100000|100%| O|  |TAMS 0x0000000085100000| PB 0x0000000085000000| Untracked 
|  81|0x0000000085100000, 0x0000000085200000, 0x0000000085200000|100%| O|  |TAMS 0x0000000085200000| PB 0x0000000085100000| Untracked 
|  82|0x0000000085200000, 0x0000000085300000, 0x0000000085300000|100%| O|  |TAMS 0x0000000085300000| PB 0x0000000085200000| Untracked 
|  83|0x0000000085300000, 0x0000000085400000, 0x0000000085400000|100%| O|  |TAMS 0x0000000085400000| PB 0x0000000085300000| Untracked 
|  84|0x0000000085400000, 0x0000000085500000, 0x0000000085500000|100%| O|  |TAMS 0x0000000085500000| PB 0x0000000085400000| Untracked 
|  85|0x0000000085500000, 0x0000000085600000, 0x0000000085600000|100%| O|  |TAMS 0x0000000085600000| PB 0x0000000085500000| Untracked 
|  86|0x0000000085600000, 0x0000000085700000, 0x0000000085700000|100%| O|  |TAMS 0x0000000085700000| PB 0x0000000085600000| Untracked 
|  87|0x0000000085700000, 0x0000000085800000, 0x0000000085800000|100%| O|  |TAMS 0x0000000085800000| PB 0x0000000085700000| Untracked 
|  88|0x0000000085800000, 0x0000000085900000, 0x0000000085900000|100%| O|  |TAMS 0x0000000085900000| PB 0x0000000085800000| Untracked 
|  89|0x0000000085900000, 0x0000000085a00000, 0x0000000085a00000|100%| O|  |TAMS 0x0000000085a00000| PB 0x0000000085900000| Untracked 
|  90|0x0000000085a00000, 0x0000000085b00000, 0x0000000085b00000|100%| O|  |TAMS 0x0000000085b00000| PB 0x0000000085a00000| Untracked 
|  91|0x0000000085b00000, 0x0000000085c00000, 0x0000000085c00000|100%| O|  |TAMS 0x0000000085c00000| PB 0x0000000085b00000| Untracked 
|  92|0x0000000085c00000, 0x0000000085d00000, 0x0000000085d00000|100%| O|  |TAMS 0x0000000085d00000| PB 0x0000000085c00000| Untracked 
|  93|0x0000000085d00000, 0x0000000085e00000, 0x0000000085e00000|100%| O|  |TAMS 0x0000000085e00000| PB 0x0000000085d00000| Untracked 
|  94|0x0000000085e00000, 0x0000000085f00000, 0x0000000085f00000|100%| O|  |TAMS 0x0000000085f00000| PB 0x0000000085e00000| Untracked 
|  95|0x0000000085f00000, 0x0000000086000000, 0x0000000086000000|100%| O|  |TAMS 0x0000000086000000| PB 0x0000000085f00000| Untracked 
|  96|0x0000000086000000, 0x0000000086100000, 0x0000000086100000|100%| O|  |TAMS 0x0000000086100000| PB 0x0000000086000000| Untracked 
|  97|0x0000000086100000, 0x0000000086200000, 0x0000000086200000|100%| O|  |TAMS 0x0000000086200000| PB 0x0000000086100000| Untracked 
|  98|0x0000000086200000, 0x0000000086300000, 0x0000000086300000|100%| O|  |TAMS 0x0000000086300000| PB 0x0000000086200000| Updating 
|  99|0x0000000086300000, 0x0000000086400000, 0x0000000086400000|100%| O|  |TAMS 0x00000000863d6f80| PB 0x0000000086300000| Updating 
| 100|0x0000000086400000, 0x0000000086500000, 0x0000000086500000|100%| O|  |TAMS 0x0000000086400000| PB 0x0000000086400000| Untracked 
| 101|0x0000000086500000, 0x0000000086600000, 0x0000000086600000|100%| O|  |TAMS 0x0000000086600000| PB 0x0000000086500000| Updating 
| 102|0x0000000086600000, 0x0000000086700000, 0x0000000086700000|100%| O|  |TAMS 0x0000000086700000| PB 0x0000000086600000| Updating 
| 103|0x0000000086700000, 0x0000000086800000, 0x0000000086800000|100%| O|  |TAMS 0x0000000086800000| PB 0x0000000086700000| Updating 
| 104|0x0000000086800000, 0x0000000086900000, 0x0000000086900000|100%| O|  |TAMS 0x0000000086900000| PB 0x0000000086800000| Untracked 
| 105|0x0000000086900000, 0x0000000086a00000, 0x0000000086a00000|100%| O|  |TAMS 0x0000000086a00000| PB 0x0000000086900000| Untracked 
| 106|0x0000000086a00000, 0x0000000086b00000, 0x0000000086b00000|100%| O|  |TAMS 0x0000000086b00000| PB 0x0000000086a00000| Untracked 
| 107|0x0000000086b00000, 0x0000000086c00000, 0x0000000086c00000|100%|HS|  |TAMS 0x0000000086b00000| PB 0x0000000086b00000| Complete 
| 108|0x0000000086c00000, 0x0000000086d00000, 0x0000000086d00000|100%|HS|  |TAMS 0x0000000086c00000| PB 0x0000000086c00000| Complete 
| 109|0x0000000086d00000, 0x0000000086d00000, 0x0000000086e00000|  0%| F|  |TAMS 0x0000000086d00000| PB 0x0000000086d00000| Untracked 
| 110|0x0000000086e00000, 0x0000000086e00000, 0x0000000086f00000|  0%| F|  |TAMS 0x0000000086e00000| PB 0x0000000086e00000| Untracked 
| 111|0x0000000086f00000, 0x0000000086f00000, 0x0000000087000000|  0%| F|  |TAMS 0x0000000086f00000| PB 0x0000000086f00000| Untracked 
| 112|0x0000000087000000, 0x0000000087100000, 0x0000000087100000|100%| S|CS|TAMS 0x0000000087000000| PB 0x0000000087000000| Complete 
| 113|0x0000000087100000, 0x0000000087200000, 0x0000000087200000|100%| S|CS|TAMS 0x0000000087100000| PB 0x0000000087100000| Complete 
| 114|0x0000000087200000, 0x0000000087300000, 0x0000000087300000|100%| S|CS|TAMS 0x0000000087200000| PB 0x0000000087200000| Complete 
| 115|0x0000000087300000, 0x0000000087400000, 0x0000000087400000|100%| S|CS|TAMS 0x0000000087300000| PB 0x0000000087300000| Complete 
| 116|0x0000000087400000, 0x0000000087400000, 0x0000000087500000|  0%| F|  |TAMS 0x0000000087400000| PB 0x0000000087400000| Untracked 
| 117|0x0000000087500000, 0x0000000087500000, 0x0000000087600000|  0%| F|  |TAMS 0x0000000087500000| PB 0x0000000087500000| Untracked 
| 118|0x0000000087600000, 0x0000000087600000, 0x0000000087700000|  0%| F|  |TAMS 0x0000000087600000| PB 0x0000000087600000| Untracked 
| 119|0x0000000087700000, 0x0000000087700000, 0x0000000087800000|  0%| F|  |TAMS 0x0000000087700000| PB 0x0000000087700000| Untracked 
| 120|0x0000000087800000, 0x0000000087800000, 0x0000000087900000|  0%| F|  |TAMS 0x0000000087800000| PB 0x0000000087800000| Untracked 
| 121|0x0000000087900000, 0x0000000087a00000, 0x0000000087a00000|100%| S|CS|TAMS 0x0000000087900000| PB 0x0000000087900000| Complete 
| 122|0x0000000087a00000, 0x0000000087b00000, 0x0000000087b00000|100%| S|CS|TAMS 0x0000000087a00000| PB 0x0000000087a00000| Complete 
| 123|0x0000000087b00000, 0x0000000087c00000, 0x0000000087c00000|100%| S|CS|TAMS 0x0000000087b00000| PB 0x0000000087b00000| Complete 
| 124|0x0000000087c00000, 0x0000000087d00000, 0x0000000087d00000|100%| S|CS|TAMS 0x0000000087c00000| PB 0x0000000087c00000| Complete 
| 125|0x0000000087d00000, 0x0000000087d00000, 0x0000000087e00000|  0%| F|  |TAMS 0x0000000087d00000| PB 0x0000000087d00000| Untracked 
| 126|0x0000000087e00000, 0x0000000087e00000, 0x0000000087f00000|  0%| F|  |TAMS 0x0000000087e00000| PB 0x0000000087e00000| Untracked 
| 127|0x0000000087f00000, 0x0000000087f00000, 0x0000000088000000|  0%| F|  |TAMS 0x0000000087f00000| PB 0x0000000087f00000| Untracked 
| 128|0x0000000088000000, 0x0000000088000000, 0x0000000088100000|  0%| F|  |TAMS 0x0000000088000000| PB 0x0000000088000000| Untracked 
| 129|0x0000000088100000, 0x0000000088100000, 0x0000000088200000|  0%| F|  |TAMS 0x0000000088100000| PB 0x0000000088100000| Untracked 
| 130|0x0000000088200000, 0x0000000088200000, 0x0000000088300000|  0%| F|  |TAMS 0x0000000088200000| PB 0x0000000088200000| Untracked 
| 131|0x0000000088300000, 0x0000000088300000, 0x0000000088400000|  0%| F|  |TAMS 0x0000000088300000| PB 0x0000000088300000| Untracked 
| 132|0x0000000088400000, 0x0000000088400000, 0x0000000088500000|  0%| F|  |TAMS 0x0000000088400000| PB 0x0000000088400000| Untracked 
| 133|0x0000000088500000, 0x0000000088500000, 0x0000000088600000|  0%| F|  |TAMS 0x0000000088500000| PB 0x0000000088500000| Untracked 
| 134|0x0000000088600000, 0x0000000088600000, 0x0000000088700000|  0%| F|  |TAMS 0x0000000088600000| PB 0x0000000088600000| Untracked 
| 135|0x0000000088700000, 0x0000000088700000, 0x0000000088800000|  0%| F|  |TAMS 0x0000000088700000| PB 0x0000000088700000| Untracked 
| 136|0x0000000088800000, 0x0000000088800000, 0x0000000088900000|  0%| F|  |TAMS 0x0000000088800000| PB 0x0000000088800000| Untracked 
| 137|0x0000000088900000, 0x0000000088900000, 0x0000000088a00000|  0%| F|  |TAMS 0x0000000088900000| PB 0x0000000088900000| Untracked 
| 138|0x0000000088a00000, 0x0000000088a00000, 0x0000000088b00000|  0%| F|  |TAMS 0x0000000088a00000| PB 0x0000000088a00000| Untracked 
| 139|0x0000000088b00000, 0x0000000088b00000, 0x0000000088c00000|  0%| F|  |TAMS 0x0000000088b00000| PB 0x0000000088b00000| Untracked 
| 140|0x0000000088c00000, 0x0000000088c00000, 0x0000000088d00000|  0%| F|  |TAMS 0x0000000088c00000| PB 0x0000000088c00000| Untracked 
| 141|0x0000000088d00000, 0x0000000088d00000, 0x0000000088e00000|  0%| F|  |TAMS 0x0000000088d00000| PB 0x0000000088d00000| Untracked 
| 142|0x0000000088e00000, 0x0000000088e00000, 0x0000000088f00000|  0%| F|  |TAMS 0x0000000088e00000| PB 0x0000000088e00000| Untracked 
| 143|0x0000000088f00000, 0x0000000088f00000, 0x0000000089000000|  0%| F|  |TAMS 0x0000000088f00000| PB 0x0000000088f00000| Untracked 
| 144|0x0000000089000000, 0x0000000089000000, 0x0000000089100000|  0%| F|  |TAMS 0x0000000089000000| PB 0x0000000089000000| Untracked 
| 145|0x0000000089100000, 0x0000000089100000, 0x0000000089200000|  0%| F|  |TAMS 0x0000000089100000| PB 0x0000000089100000| Untracked 
| 146|0x0000000089200000, 0x0000000089200000, 0x0000000089300000|  0%| F|  |TAMS 0x0000000089200000| PB 0x0000000089200000| Untracked 
| 147|0x0000000089300000, 0x0000000089300000, 0x0000000089400000|  0%| F|  |TAMS 0x0000000089300000| PB 0x0000000089300000| Untracked 
| 148|0x0000000089400000, 0x0000000089400000, 0x0000000089500000|  0%| F|  |TAMS 0x0000000089400000| PB 0x0000000089400000| Untracked 
| 149|0x0000000089500000, 0x0000000089500000, 0x0000000089600000|  0%| F|  |TAMS 0x0000000089500000| PB 0x0000000089500000| Untracked 
| 150|0x0000000089600000, 0x0000000089600000, 0x0000000089700000|  0%| F|  |TAMS 0x0000000089600000| PB 0x0000000089600000| Untracked 
| 151|0x0000000089700000, 0x0000000089700000, 0x0000000089800000|  0%| F|  |TAMS 0x0000000089700000| PB 0x0000000089700000| Untracked 
| 152|0x0000000089800000, 0x0000000089800000, 0x0000000089900000|  0%| F|  |TAMS 0x0000000089800000| PB 0x0000000089800000| Untracked 
| 153|0x0000000089900000, 0x0000000089900000, 0x0000000089a00000|  0%| F|  |TAMS 0x0000000089900000| PB 0x0000000089900000| Untracked 
| 154|0x0000000089a00000, 0x0000000089a00000, 0x0000000089b00000|  0%| F|  |TAMS 0x0000000089a00000| PB 0x0000000089a00000| Untracked 
| 155|0x0000000089b00000, 0x0000000089b00000, 0x0000000089c00000|  0%| F|  |TAMS 0x0000000089b00000| PB 0x0000000089b00000| Untracked 
| 156|0x0000000089c00000, 0x0000000089c00000, 0x0000000089d00000|  0%| F|  |TAMS 0x0000000089c00000| PB 0x0000000089c00000| Untracked 
| 157|0x0000000089d00000, 0x0000000089d00000, 0x0000000089e00000|  0%| F|  |TAMS 0x0000000089d00000| PB 0x0000000089d00000| Untracked 
| 158|0x0000000089e00000, 0x0000000089e00000, 0x0000000089f00000|  0%| F|  |TAMS 0x0000000089e00000| PB 0x0000000089e00000| Untracked 
| 159|0x0000000089f00000, 0x0000000089f00000, 0x000000008a000000|  0%| F|  |TAMS 0x0000000089f00000| PB 0x0000000089f00000| Untracked 
| 160|0x000000008a000000, 0x000000008a000000, 0x000000008a100000|  0%| F|  |TAMS 0x000000008a000000| PB 0x000000008a000000| Untracked 
| 161|0x000000008a100000, 0x000000008a100000, 0x000000008a200000|  0%| F|  |TAMS 0x000000008a100000| PB 0x000000008a100000| Untracked 
| 162|0x000000008a200000, 0x000000008a200000, 0x000000008a300000|  0%| F|  |TAMS 0x000000008a200000| PB 0x000000008a200000| Untracked 
| 163|0x000000008a300000, 0x000000008a300000, 0x000000008a400000|  0%| F|  |TAMS 0x000000008a300000| PB 0x000000008a300000| Untracked 
| 164|0x000000008a400000, 0x000000008a400000, 0x000000008a500000|  0%| F|  |TAMS 0x000000008a400000| PB 0x000000008a400000| Untracked 
| 165|0x000000008a500000, 0x000000008a500000, 0x000000008a600000|  0%| F|  |TAMS 0x000000008a500000| PB 0x000000008a500000| Untracked 
| 166|0x000000008a600000, 0x000000008a600000, 0x000000008a700000|  0%| F|  |TAMS 0x000000008a600000| PB 0x000000008a600000| Untracked 
| 167|0x000000008a700000, 0x000000008a700000, 0x000000008a800000|  0%| F|  |TAMS 0x000000008a700000| PB 0x000000008a700000| Untracked 
| 168|0x000000008a800000, 0x000000008a800000, 0x000000008a900000|  0%| F|  |TAMS 0x000000008a800000| PB 0x000000008a800000| Untracked 
| 169|0x000000008a900000, 0x000000008a900000, 0x000000008aa00000|  0%| F|  |TAMS 0x000000008a900000| PB 0x000000008a900000| Untracked 
| 170|0x000000008aa00000, 0x000000008aa00000, 0x000000008ab00000|  0%| F|  |TAMS 0x000000008aa00000| PB 0x000000008aa00000| Untracked 
| 171|0x000000008ab00000, 0x000000008ab00000, 0x000000008ac00000|  0%| F|  |TAMS 0x000000008ab00000| PB 0x000000008ab00000| Untracked 
| 172|0x000000008ac00000, 0x000000008ac00000, 0x000000008ad00000|  0%| F|  |TAMS 0x000000008ac00000| PB 0x000000008ac00000| Untracked 
| 173|0x000000008ad00000, 0x000000008ad00000, 0x000000008ae00000|  0%| F|  |TAMS 0x000000008ad00000| PB 0x000000008ad00000| Untracked 
| 174|0x000000008ae00000, 0x000000008ae67150, 0x000000008af00000| 40%| E|  |TAMS 0x000000008ae00000| PB 0x000000008ae00000| Complete 
| 175|0x000000008af00000, 0x000000008b000000, 0x000000008b000000|100%| E|CS|TAMS 0x000000008af00000| PB 0x000000008af00000| Complete 
| 176|0x000000008b000000, 0x000000008b100000, 0x000000008b100000|100%| E|CS|TAMS 0x000000008b000000| PB 0x000000008b000000| Complete 
| 177|0x000000008b100000, 0x000000008b200000, 0x000000008b200000|100%| E|CS|TAMS 0x000000008b100000| PB 0x000000008b100000| Complete 
| 178|0x000000008b200000, 0x000000008b300000, 0x000000008b300000|100%| E|CS|TAMS 0x000000008b200000| PB 0x000000008b200000| Complete 
| 179|0x000000008b300000, 0x000000008b400000, 0x000000008b400000|100%| E|  |TAMS 0x000000008b300000| PB 0x000000008b300000| Complete 
| 180|0x000000008b400000, 0x000000008b500000, 0x000000008b500000|100%| E|CS|TAMS 0x000000008b400000| PB 0x000000008b400000| Complete 
| 181|0x000000008b500000, 0x000000008b600000, 0x000000008b600000|100%| E|CS|TAMS 0x000000008b500000| PB 0x000000008b500000| Complete 
| 182|0x000000008b600000, 0x000000008b700000, 0x000000008b700000|100%| E|CS|TAMS 0x000000008b600000| PB 0x000000008b600000| Complete 
| 183|0x000000008b700000, 0x000000008b800000, 0x000000008b800000|100%| E|CS|TAMS 0x000000008b700000| PB 0x000000008b700000| Complete 
| 184|0x000000008b800000, 0x000000008b900000, 0x000000008b900000|100%| E|CS|TAMS 0x000000008b800000| PB 0x000000008b800000| Complete 
| 185|0x000000008b900000, 0x000000008ba00000, 0x000000008ba00000|100%| E|CS|TAMS 0x000000008b900000| PB 0x000000008b900000| Complete 
| 186|0x000000008ba00000, 0x000000008bb00000, 0x000000008bb00000|100%| E|CS|TAMS 0x000000008ba00000| PB 0x000000008ba00000| Complete 
| 187|0x000000008bb00000, 0x000000008bc00000, 0x000000008bc00000|100%| E|CS|TAMS 0x000000008bb00000| PB 0x000000008bb00000| Complete 
| 188|0x000000008bc00000, 0x000000008bd00000, 0x000000008bd00000|100%| E|CS|TAMS 0x000000008bc00000| PB 0x000000008bc00000| Complete 
| 189|0x000000008bd00000, 0x000000008be00000, 0x000000008be00000|100%| E|CS|TAMS 0x000000008bd00000| PB 0x000000008bd00000| Complete 
| 190|0x000000008be00000, 0x000000008bf00000, 0x000000008bf00000|100%| E|CS|TAMS 0x000000008be00000| PB 0x000000008be00000| Complete 
| 191|0x000000008bf00000, 0x000000008c000000, 0x000000008c000000|100%| E|CS|TAMS 0x000000008bf00000| PB 0x000000008bf00000| Complete 
| 192|0x000000008c000000, 0x000000008c100000, 0x000000008c100000|100%| E|CS|TAMS 0x000000008c000000| PB 0x000000008c000000| Complete 
| 193|0x000000008c100000, 0x000000008c200000, 0x000000008c200000|100%| E|CS|TAMS 0x000000008c100000| PB 0x000000008c100000| Complete 
| 194|0x000000008c200000, 0x000000008c300000, 0x000000008c300000|100%| E|CS|TAMS 0x000000008c200000| PB 0x000000008c200000| Complete 
| 195|0x000000008c300000, 0x000000008c400000, 0x000000008c400000|100%| E|CS|TAMS 0x000000008c300000| PB 0x000000008c300000| Complete 
| 196|0x000000008c400000, 0x000000008c500000, 0x000000008c500000|100%| E|CS|TAMS 0x000000008c400000| PB 0x000000008c400000| Complete 
| 197|0x000000008c500000, 0x000000008c600000, 0x000000008c600000|100%| E|CS|TAMS 0x000000008c500000| PB 0x000000008c500000| Complete 
| 198|0x000000008c600000, 0x000000008c700000, 0x000000008c700000|100%| E|CS|TAMS 0x000000008c600000| PB 0x000000008c600000| Complete 
| 199|0x000000008c700000, 0x000000008c800000, 0x000000008c800000|100%| E|CS|TAMS 0x000000008c700000| PB 0x000000008c700000| Complete 
| 200|0x000000008c800000, 0x000000008c900000, 0x000000008c900000|100%| E|CS|TAMS 0x000000008c800000| PB 0x000000008c800000| Complete 
| 201|0x000000008c900000, 0x000000008ca00000, 0x000000008ca00000|100%| E|CS|TAMS 0x000000008c900000| PB 0x000000008c900000| Complete 
| 202|0x000000008ca00000, 0x000000008cb00000, 0x000000008cb00000|100%| E|CS|TAMS 0x000000008ca00000| PB 0x000000008ca00000| Complete 
| 203|0x000000008cb00000, 0x000000008cc00000, 0x000000008cc00000|100%| E|CS|TAMS 0x000000008cb00000| PB 0x000000008cb00000| Complete 
| 204|0x000000008cc00000, 0x000000008cd00000, 0x000000008cd00000|100%| E|CS|TAMS 0x000000008cc00000| PB 0x000000008cc00000| Complete 
| 205|0x000000008cd00000, 0x000000008ce00000, 0x000000008ce00000|100%| E|CS|TAMS 0x000000008cd00000| PB 0x000000008cd00000| Complete 
| 206|0x000000008ce00000, 0x000000008cf00000, 0x000000008cf00000|100%| E|CS|TAMS 0x000000008ce00000| PB 0x000000008ce00000| Complete 
| 207|0x000000008cf00000, 0x000000008d000000, 0x000000008d000000|100%| E|CS|TAMS 0x000000008cf00000| PB 0x000000008cf00000| Complete 
| 208|0x000000008d000000, 0x000000008d100000, 0x000000008d100000|100%| E|CS|TAMS 0x000000008d000000| PB 0x000000008d000000| Complete 
| 209|0x000000008d100000, 0x000000008d200000, 0x000000008d200000|100%| E|CS|TAMS 0x000000008d100000| PB 0x000000008d100000| Complete 
| 210|0x000000008d200000, 0x000000008d300000, 0x000000008d300000|100%| E|CS|TAMS 0x000000008d200000| PB 0x000000008d200000| Complete 
| 211|0x000000008d300000, 0x000000008d400000, 0x000000008d400000|100%| E|CS|TAMS 0x000000008d300000| PB 0x000000008d300000| Complete 
| 212|0x000000008d400000, 0x000000008d500000, 0x000000008d500000|100%| E|CS|TAMS 0x000000008d400000| PB 0x000000008d400000| Complete 
| 213|0x000000008d500000, 0x000000008d600000, 0x000000008d600000|100%| E|CS|TAMS 0x000000008d500000| PB 0x000000008d500000| Complete 
| 214|0x000000008d600000, 0x000000008d700000, 0x000000008d700000|100%| E|CS|TAMS 0x000000008d600000| PB 0x000000008d600000| Complete 
| 215|0x000000008d700000, 0x000000008d800000, 0x000000008d800000|100%| E|CS|TAMS 0x000000008d700000| PB 0x000000008d700000| Complete 
| 216|0x000000008d800000, 0x000000008d900000, 0x000000008d900000|100%| E|CS|TAMS 0x000000008d800000| PB 0x000000008d800000| Complete 
|2038|0x00000000ff600000, 0x00000000ff700000, 0x00000000ff700000|100%| O|  |TAMS 0x00000000ff700000| PB 0x00000000ff600000| Updating 
|2039|0x00000000ff700000, 0x00000000ff800000, 0x00000000ff800000|100%| O|  |TAMS 0x00000000ff800000| PB 0x00000000ff700000| Updating 
|2040|0x00000000ff800000, 0x00000000ff900000, 0x00000000ff900000|100%| O|  |TAMS 0x00000000ff900000| PB 0x00000000ff800000| Untracked 
|2041|0x00000000ff900000, 0x00000000ffa00000, 0x00000000ffa00000|100%| O|  |TAMS 0x00000000ffa00000| PB 0x00000000ffa00000| Updating 
|2042|0x00000000ffa00000, 0x00000000ffb00000, 0x00000000ffb00000|100%| E|CS|TAMS 0x00000000ffa00000| PB 0x00000000ffa00000| Complete 
|2043|0x00000000ffb00000, 0x00000000ffc00000, 0x00000000ffc00000|100%| E|CS|TAMS 0x00000000ffb00000| PB 0x00000000ffb00000| Complete 
|2044|0x00000000ffc00000, 0x00000000ffd00000, 0x00000000ffd00000|100%| E|CS|TAMS 0x00000000ffc00000| PB 0x00000000ffc00000| Complete 
|2045|0x00000000ffd00000, 0x00000000ffe00000, 0x00000000ffe00000|100%| E|CS|TAMS 0x00000000ffd00000| PB 0x00000000ffd00000| Complete 
|2046|0x00000000ffe00000, 0x00000000fff00000, 0x00000000fff00000|100%| O|  |TAMS 0x00000000fff00000| PB 0x00000000fff00000| Updating 
|2047|0x00000000fff00000, 0x0000000100000000, 0x0000000100000000|100%| O|  |TAMS 0x0000000100000000| PB 0x0000000100000000| Untracked 

Card table byte_map: [0x0000023d7b370000,0x0000023d7b770000] _byte_map_base: 0x0000023d7af70000

Marking Bits: (CMBitMap*) 0x0000023d777d3320
 Bits: [0x0000023d7b770000, 0x0000023d7d770000)

Polling page: 0x0000023d75c50000

Metaspace:

Usage:
  Non-class:    103.04 MB used.
      Class:     16.84 MB used.
       Both:    119.88 MB used.

Virtual space:
  Non-class space:      128.00 MB reserved,     104.19 MB ( 81%) committed,  2 nodes.
      Class space:        1.00 GB reserved,      18.00 MB (  2%) committed,  1 nodes.
             Both:        1.12 GB reserved,     122.19 MB ( 11%) committed. 

Chunk freelists:
   Non-Class:  7.64 MB
       Class:  13.97 MB
        Both:  21.61 MB

MaxMetaspaceSize: unlimited
CompressedClassSpaceSize: 1.00 GB
Initial GC threshold: 21.00 MB
Current GC threshold: 203.56 MB
CDS: off
 - commit_granule_bytes: 65536.
 - commit_granule_words: 8192.
 - virtual_space_node_default_size: 8388608.
 - enlarge_chunks_in_place: 1.
 - use_allocation_guard: 0.


Internal statistics:

num_allocs_failed_limit: 9.
num_arena_births: 4734.
num_arena_deaths: 0.
num_vsnodes_births: 3.
num_vsnodes_deaths: 0.
num_space_committed: 1953.
num_space_uncommitted: 0.
num_chunks_returned_to_freelist: 9.
num_chunks_taken_from_freelist: 10078.
num_chunk_merges: 6.
num_chunk_splits: 6535.
num_chunks_enlarged: 4104.
num_inconsistent_stats: 0.

CodeHeap 'non-profiled nmethods': size=120000Kb used=7527Kb max_used=7760Kb free=112472Kb
 bounds [0x0000023d07ad0000, 0x0000023d08270000, 0x0000023d0f000000]
CodeHeap 'profiled nmethods': size=120000Kb used=21521Kb max_used=22724Kb free=98478Kb
 bounds [0x0000023d00000000, 0x0000023d01640000, 0x0000023d07530000]
CodeHeap 'non-nmethods': size=5760Kb used=2022Kb max_used=2115Kb free=3737Kb
 bounds [0x0000023d07530000, 0x0000023d077a0000, 0x0000023d07ad0000]
CodeCache: size=245760Kb, used=31070Kb, max_used=32599Kb, free=214687Kb
 total_blobs=12415, nmethods=11508, adapters=811, full_count=0
Compilation: enabled, stopped_count=0, restarted_count=0

Compilation events (20 events):
Event: 24.850 Thread 0x0000023d130ac460 nmethod 13632 0x0000023d0162c310 code [0x0000023d0162c6a0, 0x0000023d0162dfb0]
Event: 24.850 Thread 0x0000023d130ac460 13633       3       com.android.tools.r8.BaseCommand$Builder::addClassProgramData (17 bytes)
Event: 24.851 Thread 0x0000023d130ac460 nmethod 13633 0x0000023d0162e890 code [0x0000023d0162eac0, 0x0000023d0162f230]
Event: 24.852 Thread 0x0000023d130ac460 13634       3       com.android.tools.r8.D8Command$Builder::c (2 bytes)
Event: 24.852 Thread 0x0000023d130ac460 nmethod 13634 0x0000023d0162f510 code [0x0000023d0162f6a0, 0x0000023d0162f7b0]
Event: 24.853 Thread 0x0000023d130ac460 13635   !   3       java.nio.file.Files::isRegularFile (35 bytes)
Event: 24.853 Thread 0x0000023d130ac460 nmethod 13635 0x0000023d0162f890 code [0x0000023d0162fac0, 0x0000023d016303c0]
Event: 24.854 Thread 0x0000023d130ac460 13636       3       com.android.tools.r8.utils.i$a::a (33 bytes)
Event: 24.854 Thread 0x0000023d130ac460 nmethod 13636 0x0000023d01630710 code [0x0000023d01630920, 0x0000023d01631048]
Event: 24.857 Thread 0x0000023d13162730 13637       4       java.io.BufferedInputStream::fill (204 bytes)
Event: 24.861 Thread 0x0000023d13162730 nmethod 13637 0x0000023d08262c10 code [0x0000023d08262dc0, 0x0000023d08263170]
Event: 24.881 Thread 0x0000023d130a61a0 13638       4       java.util.ArrayDeque::remove (5 bytes)
Event: 24.883 Thread 0x0000023d130a61a0 nmethod 13638 0x0000023d08263310 code [0x0000023d082634a0, 0x0000023d08263600]
Event: 24.977 Thread 0x0000023d130a61a0 13639       4       java.util.WeakHashMap::indexFor (6 bytes)
Event: 24.977 Thread 0x0000023d130a61a0 nmethod 13639 0x0000023d08263790 code [0x0000023d08263900, 0x0000023d08263970]
Event: 24.980 Thread 0x0000023d130a61a0 13640       4       org.gradle.internal.configuration.inputs.NoOpInputsListener::fileSystemEntryObserved (1 bytes)
Event: 24.980 Thread 0x0000023d130a61a0 nmethod 13640 0x0000023d08263a90 code [0x0000023d08263c20, 0x0000023d08263ca8]
Event: 25.019 Thread 0x0000023d130a61a0 13641       4       com.android.tools.r8.D8Command$Builder::c (2 bytes)
Event: 25.019 Thread 0x0000023d130a61a0 nmethod 13641 0x0000023d08263d90 code [0x0000023d08263f20, 0x0000023d08263fa8]
Event: 25.155 Thread 0x0000023d130a61a0 13642 %     4       com.google.common.collect.MapMakerInternalMap$Segment::expand @ 56 (276 bytes)

GC Heap History (20 events):
Event: 16.235 GC heap before
{Heap before GC invocations=28 (full 0):
 garbage-first heap   total 148480K, used 136192K [0x0000000080000000, 0x0000000100000000)
  region size 1024K, 62 young (63488K), 8 survivors (8192K)
 Metaspace       used 93144K, committed 95232K, reserved 1179648K
  class space    used 12995K, committed 14016K, reserved 1048576K
}
Event: 16.246 GC heap after
{Heap after GC invocations=29 (full 0):
 garbage-first heap   total 149504K, used 84728K [0x0000000080000000, 0x0000000100000000)
  region size 1024K, 4 young (4096K), 4 survivors (4096K)
 Metaspace       used 93144K, committed 95232K, reserved 1179648K
  class space    used 12995K, committed 14016K, reserved 1048576K
}
Event: 17.136 GC heap before
{Heap before GC invocations=29 (full 0):
 garbage-first heap   total 149504K, used 136952K [0x0000000080000000, 0x0000000100000000)
  region size 1024K, 55 young (56320K), 4 survivors (4096K)
 Metaspace       used 96494K, committed 98688K, reserved 1179648K
  class space    used 13455K, committed 14528K, reserved 1048576K
}
Event: 17.143 GC heap after
{Heap after GC invocations=30 (full 0):
 garbage-first heap   total 149504K, used 86830K [0x0000000080000000, 0x0000000100000000)
  region size 1024K, 6 young (6144K), 6 survivors (6144K)
 Metaspace       used 96494K, committed 98688K, reserved 1179648K
  class space    used 13455K, committed 14528K, reserved 1048576K
}
Event: 18.064 GC heap before
{Heap before GC invocations=31 (full 0):
 garbage-first heap   total 149504K, used 138030K [0x0000000080000000, 0x0000000100000000)
  region size 1024K, 56 young (57344K), 6 survivors (6144K)
 Metaspace       used 99970K, committed 102144K, reserved 1179648K
  class space    used 14054K, committed 15104K, reserved 1048576K
}
Event: 18.073 GC heap after
{Heap after GC invocations=32 (full 0):
 garbage-first heap   total 149504K, used 88354K [0x0000000080000000, 0x0000000100000000)
  region size 1024K, 4 young (4096K), 4 survivors (4096K)
 Metaspace       used 99970K, committed 102144K, reserved 1179648K
  class space    used 14054K, committed 15104K, reserved 1048576K
}
Event: 18.891 GC heap before
{Heap before GC invocations=32 (full 0):
 garbage-first heap   total 149504K, used 139554K [0x0000000080000000, 0x0000000100000000)
  region size 1024K, 54 young (55296K), 4 survivors (4096K)
 Metaspace       used 103601K, committed 105856K, reserved 1179648K
  class space    used 14652K, committed 15744K, reserved 1048576K
}
Event: 18.903 GC heap after
{Heap after GC invocations=33 (full 0):
 garbage-first heap   total 180224K, used 89341K [0x0000000080000000, 0x0000000100000000)
  region size 1024K, 6 young (6144K), 6 survivors (6144K)
 Metaspace       used 103601K, committed 105856K, reserved 1179648K
  class space    used 14652K, committed 15744K, reserved 1048576K
}
Event: 19.984 GC heap before
{Heap before GC invocations=33 (full 0):
 garbage-first heap   total 180224K, used 167165K [0x0000000080000000, 0x0000000100000000)
  region size 1024K, 82 young (83968K), 6 survivors (6144K)
 Metaspace       used 109222K, committed 111488K, reserved 1179648K
  class space    used 15524K, committed 16640K, reserved 1048576K
}
Event: 19.996 GC heap after
{Heap after GC invocations=34 (full 0):
 garbage-first heap   total 180224K, used 92933K [0x0000000080000000, 0x0000000100000000)
  region size 1024K, 9 young (9216K), 9 survivors (9216K)
 Metaspace       used 109222K, committed 111488K, reserved 1179648K
  class space    used 15524K, committed 16640K, reserved 1048576K
}
Event: 20.996 GC heap before
{Heap before GC invocations=34 (full 0):
 garbage-first heap   total 180224K, used 166661K [0x0000000080000000, 0x0000000100000000)
  region size 1024K, 81 young (82944K), 9 survivors (9216K)
 Metaspace       used 113692K, committed 116032K, reserved 1179648K
  class space    used 16117K, committed 17216K, reserved 1048576K
}
Event: 21.015 GC heap after
{Heap after GC invocations=35 (full 0):
 garbage-first heap   total 182272K, used 98724K [0x0000000080000000, 0x0000000100000000)
  region size 1024K, 11 young (11264K), 11 survivors (11264K)
 Metaspace       used 113692K, committed 116032K, reserved 1179648K
  class space    used 16117K, committed 17216K, reserved 1048576K
}
Event: 21.379 GC heap before
{Heap before GC invocations=35 (full 0):
 garbage-first heap   total 182272K, used 132516K [0x0000000080000000, 0x0000000100000000)
  region size 1024K, 45 young (46080K), 11 survivors (11264K)
 Metaspace       used 113898K, committed 116224K, reserved 1179648K
  class space    used 16128K, committed 17216K, reserved 1048576K
}
Event: 21.400 GC heap after
{Heap after GC invocations=36 (full 0):
 garbage-first heap   total 182272K, used 107194K [0x0000000080000000, 0x0000000100000000)
  region size 1024K, 8 young (8192K), 8 survivors (8192K)
 Metaspace       used 113898K, committed 116224K, reserved 1179648K
  class space    used 16128K, committed 17216K, reserved 1048576K
}
Event: 22.899 GC heap before
{Heap before GC invocations=37 (full 0):
 garbage-first heap   total 188416K, used 176826K [0x0000000080000000, 0x0000000100000000)
  region size 1024K, 67 young (68608K), 8 survivors (8192K)
 Metaspace       used 120329K, committed 122752K, reserved 1179648K
  class space    used 16935K, committed 18112K, reserved 1048576K
}
Event: 22.917 GC heap after
{Heap after GC invocations=38 (full 0):
 garbage-first heap   total 193536K, used 114397K [0x0000000080000000, 0x0000000100000000)
  region size 1024K, 8 young (8192K), 8 survivors (8192K)
 Metaspace       used 120329K, committed 122752K, reserved 1179648K
  class space    used 16935K, committed 18112K, reserved 1048576K
}
Event: 23.957 GC heap before
{Heap before GC invocations=38 (full 0):
 garbage-first heap   total 193536K, used 173789K [0x0000000080000000, 0x0000000100000000)
  region size 1024K, 67 young (68608K), 8 survivors (8192K)
 Metaspace       used 121190K, committed 123520K, reserved 1179648K
  class space    used 17031K, committed 18176K, reserved 1048576K
}
Event: 23.973 GC heap after
{Heap after GC invocations=39 (full 0):
 garbage-first heap   total 193536K, used 117941K [0x0000000080000000, 0x0000000100000000)
  region size 1024K, 5 young (5120K), 5 survivors (5120K)
 Metaspace       used 121190K, committed 123520K, reserved 1179648K
  class space    used 17031K, committed 18176K, reserved 1048576K
}
Event: 24.820 GC heap before
{Heap before GC invocations=39 (full 0):
 garbage-first heap   total 193536K, used 176309K [0x0000000080000000, 0x0000000100000000)
  region size 1024K, 63 young (64512K), 5 survivors (5120K)
 Metaspace       used 122323K, committed 124736K, reserved 1179648K
  class space    used 17182K, committed 18368K, reserved 1048576K
}
Event: 24.829 GC heap after
{Heap after GC invocations=40 (full 0):
 garbage-first heap   total 232448K, used 123904K [0x0000000080000000, 0x0000000100000000)
  region size 1024K, 8 young (8192K), 8 survivors (8192K)
 Metaspace       used 122323K, committed 124736K, reserved 1179648K
  class space    used 17182K, committed 18368K, reserved 1048576K
}

Dll operation events (3 events):
Event: 0.012 Loaded shared library C:\Program Files\Android\Android Studio\jbr\bin\java.dll
Event: 0.017 Loaded shared library C:\Program Files\Android\Android Studio\jbr\bin\zip.dll
Event: 1.071 Loaded shared library C:\Program Files\Android\Android Studio\jbr\bin\verify.dll

Deoptimization events (20 events):
Event: 24.785 Thread 0x0000023d14ee5990 Uncommon trap: trap_request=0xffffff54 fr.pc=0x0000023d07caedfc relative=0x00000000000062dc
Event: 24.785 Thread 0x0000023d14ee5990 Uncommon trap: reason=speculate_null_assert action=make_not_entrant pc=0x0000023d07caedfc method=jdk.internal.util.ReferencedKeyMap.existingKey(Ljdk/internal/util/ReferencedKeyMap;Ljava/lang/Object;)Ljava/lang/Object; @ 18 c2
Event: 24.785 Thread 0x0000023d14ee5990 DEOPT PACKING pc=0x0000023d07caedfc sp=0x000000a2d26f5510
Event: 24.785 Thread 0x0000023d14ee5990 DEOPT UNPACKING pc=0x0000023d075843a2 sp=0x000000a2d26f53e0 mode 2
Event: 24.791 Thread 0x0000023d16b73550 Uncommon trap: trap_request=0xffffffde fr.pc=0x0000023d07b07fb8 relative=0x0000000000000118
Event: 24.791 Thread 0x0000023d16b73550 Uncommon trap: reason=class_check action=maybe_recompile pc=0x0000023d07b07fb8 method=jdk.internal.util.StrongReferenceKey.equals(Ljava/lang/Object;)Z @ 1 c2
Event: 24.791 Thread 0x0000023d16b73550 DEOPT PACKING pc=0x0000023d07b07fb8 sp=0x000000a2d1cf9590
Event: 24.791 Thread 0x0000023d16b73550 DEOPT UNPACKING pc=0x0000023d075843a2 sp=0x000000a2d1cf9538 mode 2
Event: 24.792 Thread 0x0000023d16eae710 Uncommon trap: trap_request=0xffffff45 fr.pc=0x0000023d07b15e18 relative=0x0000000000000258
Event: 24.792 Thread 0x0000023d16eb1500 Uncommon trap: trap_request=0xffffff45 fr.pc=0x0000023d07b15e18 relative=0x0000000000000258
Event: 24.792 Thread 0x0000023d14ee5990 Uncommon trap: trap_request=0xffffff45 fr.pc=0x0000023d07b15e18 relative=0x0000000000000258
Event: 24.792 Thread 0x0000023d16eae710 Uncommon trap: reason=unstable_if action=reinterpret pc=0x0000023d07b15e18 method=jdk.internal.org.objectweb.asm.Type.getTypeInternal(Ljava/lang/String;II)Ljdk/internal/org/objectweb/asm/Type; @ 5 c2
Event: 24.792 Thread 0x0000023d14ee5990 Uncommon trap: reason=unstable_if action=reinterpret pc=0x0000023d07b15e18 method=jdk.internal.org.objectweb.asm.Type.getTypeInternal(Ljava/lang/String;II)Ljdk/internal/org/objectweb/asm/Type; @ 5 c2
Event: 24.792 Thread 0x0000023d16eb1500 Uncommon trap: reason=unstable_if action=reinterpret pc=0x0000023d07b15e18 method=jdk.internal.org.objectweb.asm.Type.getTypeInternal(Ljava/lang/String;II)Ljdk/internal/org/objectweb/asm/Type; @ 5 c2
Event: 24.792 Thread 0x0000023d14ee5990 DEOPT PACKING pc=0x0000023d07b15e18 sp=0x000000a2d26f5030
Event: 24.792 Thread 0x0000023d16eae710 DEOPT PACKING pc=0x0000023d07b15e18 sp=0x000000a2d1df9bb0
Event: 24.792 Thread 0x0000023d16eb1500 DEOPT PACKING pc=0x0000023d07b15e18 sp=0x000000a2d1ff9480
Event: 24.792 Thread 0x0000023d14ee5990 DEOPT UNPACKING pc=0x0000023d075843a2 sp=0x000000a2d26f4fc8 mode 2
Event: 24.792 Thread 0x0000023d16eae710 DEOPT UNPACKING pc=0x0000023d075843a2 sp=0x000000a2d1df9b48 mode 2
Event: 24.792 Thread 0x0000023d16eb1500 DEOPT UNPACKING pc=0x0000023d075843a2 sp=0x000000a2d1ff9418 mode 2

Classes loaded (20 events):
Event: 24.043 Loading class java/net/HttpURLConnection
Event: 24.044 Loading class java/net/HttpURLConnection done
Event: 24.050 Loading class com/sun/org/apache/xerces/internal/dom/DeferredElementImpl
Event: 24.051 Loading class com/sun/org/apache/xerces/internal/dom/DeferredElementImpl done
Event: 24.051 Loading class com/sun/org/apache/xerces/internal/dom/DeferredAttrImpl
Event: 24.051 Loading class com/sun/org/apache/xerces/internal/dom/DeferredAttrImpl done
Event: 24.329 Loading class com/sun/org/apache/xerces/internal/dom/DeferredCommentImpl
Event: 24.329 Loading class com/sun/org/apache/xerces/internal/dom/CommentImpl
Event: 24.329 Loading class org/w3c/dom/Comment
Event: 24.329 Loading class org/w3c/dom/Comment done
Event: 24.329 Loading class com/sun/org/apache/xerces/internal/dom/CommentImpl done
Event: 24.329 Loading class com/sun/org/apache/xerces/internal/dom/DeferredCommentImpl done
Event: 24.645 Loading class sun/nio/fs/Globs
Event: 24.645 Loading class sun/nio/fs/Globs done
Event: 24.645 Loading class java/util/regex/Pattern$SliceU
Event: 24.645 Loading class java/util/regex/Pattern$SliceU done
Event: 24.645 Loading class sun/nio/fs/WindowsFileSystem$2
Event: 24.646 Loading class sun/nio/fs/WindowsFileSystem$2 done
Event: 24.654 Loading class java/util/zip/ZipFile$ZipEntryIterator
Event: 24.654 Loading class java/util/zip/ZipFile$ZipEntryIterator done

Classes unloaded (0 events):
No events

Classes redefined (0 events):
No events

Internal exceptions (20 events):
Event: 25.037 Thread 0x0000023d16eb1500 Exception <a 'sun/nio/fs/WindowsException'{0x000000008b786d60}> (0x000000008b786d60) 
thrown [s\src\hotspot\share\prims\jni.cpp, line 537]
Event: 25.039 Thread 0x0000023d16eb1500 Exception <a 'sun/nio/fs/WindowsException'{0x000000008b65cbb0}> (0x000000008b65cbb0) 
thrown [s\src\hotspot\share\prims\jni.cpp, line 537]
Event: 25.040 Thread 0x0000023d16eb1500 Exception <a 'sun/nio/fs/WindowsException'{0x000000008b666f08}> (0x000000008b666f08) 
thrown [s\src\hotspot\share\prims\jni.cpp, line 537]
Event: 25.041 Thread 0x0000023d16eb1500 Exception <a 'sun/nio/fs/WindowsException'{0x000000008b670ed8}> (0x000000008b670ed8) 
thrown [s\src\hotspot\share\prims\jni.cpp, line 537]
Event: 25.042 Thread 0x0000023d16eb1500 Exception <a 'sun/nio/fs/WindowsException'{0x000000008b527f30}> (0x000000008b527f30) 
thrown [s\src\hotspot\share\prims\jni.cpp, line 537]
Event: 25.042 Thread 0x0000023d16eb1500 Exception <a 'sun/nio/fs/WindowsException'{0x000000008b531e58}> (0x000000008b531e58) 
thrown [s\src\hotspot\share\prims\jni.cpp, line 537]
Event: 25.043 Thread 0x0000023d16eb1500 Exception <a 'sun/nio/fs/WindowsException'{0x000000008b5ab0a0}> (0x000000008b5ab0a0) 
thrown [s\src\hotspot\share\prims\jni.cpp, line 537]
Event: 25.044 Thread 0x0000023d16eb1500 Exception <a 'sun/nio/fs/WindowsException'{0x000000008b5b4bb0}> (0x000000008b5b4bb0) 
thrown [s\src\hotspot\share\prims\jni.cpp, line 537]
Event: 25.046 Thread 0x0000023d16eb1500 Exception <a 'sun/nio/fs/WindowsException'{0x000000008b44b568}> (0x000000008b44b568) 
thrown [s\src\hotspot\share\prims\jni.cpp, line 537]
Event: 25.139 Thread 0x0000023d16eb1500 Exception <a 'sun/nio/fs/WindowsException'{0x000000008b4fb198}> (0x000000008b4fb198) 
thrown [s\src\hotspot\share\prims\jni.cpp, line 537]
Event: 25.142 Thread 0x0000023d16eb1500 Exception <a 'sun/nio/fs/WindowsException'{0x000000008b3e2b40}> (0x000000008b3e2b40) 
thrown [s\src\hotspot\share\prims\jni.cpp, line 537]
Event: 25.146 Thread 0x0000023d16eb1500 Exception <a 'sun/nio/fs/WindowsException'{0x000000008b281050}> (0x000000008b281050) 
thrown [s\src\hotspot\share\prims\jni.cpp, line 537]
Event: 25.148 Thread 0x0000023d16eb1500 Exception <a 'sun/nio/fs/WindowsException'{0x000000008b28c160}> (0x000000008b28c160) 
thrown [s\src\hotspot\share\prims\jni.cpp, line 537]
Event: 25.151 Thread 0x0000023d16eb1500 Exception <a 'sun/nio/fs/WindowsException'{0x000000008b295c60}> (0x000000008b295c60) 
thrown [s\src\hotspot\share\prims\jni.cpp, line 537]
Event: 25.152 Thread 0x0000023d16eb1500 Exception <a 'sun/nio/fs/WindowsException'{0x000000008b159dc8}> (0x000000008b159dc8) 
thrown [s\src\hotspot\share\prims\jni.cpp, line 537]
Event: 25.156 Thread 0x0000023d16eb1500 Exception <a 'sun/nio/fs/WindowsException'{0x000000008b1c3680}> (0x000000008b1c3680) 
thrown [s\src\hotspot\share\prims\jni.cpp, line 537]
Event: 25.159 Thread 0x0000023d16eb1500 Exception <a 'sun/nio/fs/WindowsException'{0x000000008b1cf2e8}> (0x000000008b1cf2e8) 
thrown [s\src\hotspot\share\prims\jni.cpp, line 537]
Event: 25.162 Thread 0x0000023d16eb1500 Exception <a 'sun/nio/fs/WindowsException'{0x000000008b1d7fa8}> (0x000000008b1d7fa8) 
thrown [s\src\hotspot\share\prims\jni.cpp, line 537]
Event: 25.164 Thread 0x0000023d16eb1500 Exception <a 'sun/nio/fs/WindowsException'{0x000000008b099688}> (0x000000008b099688) 
thrown [s\src\hotspot\share\prims\jni.cpp, line 537]
Event: 25.172 Thread 0x0000023d16eb1500 Exception <a 'sun/nio/fs/WindowsException'{0x000000008afe56d0}> (0x000000008afe56d0) 
thrown [s\src\hotspot\share\prims\jni.cpp, line 537]

ZGC Phase Switch (0 events):
No events

VM Operations (20 events):
Event: 23.647 Executing safepoint VM operation: ICBufferFull
Event: 23.648 Executing safepoint VM operation: ICBufferFull done
Event: 23.701 Executing non-safepoint VM operation: HandshakeAllThreads (Deoptimize)
Event: 23.702 Executing non-safepoint VM operation: HandshakeAllThreads (Deoptimize) done
Event: 23.705 Executing non-safepoint VM operation: HandshakeAllThreads (Deoptimize)
Event: 23.705 Executing non-safepoint VM operation: HandshakeAllThreads (Deoptimize) done
Event: 23.865 Executing non-safepoint VM operation: HandshakeAllThreads (Deoptimize)
Event: 23.865 Executing non-safepoint VM operation: HandshakeAllThreads (Deoptimize) done
Event: 23.952 Executing safepoint VM operation: G1CollectForAllocation (G1 Evacuation Pause)
Event: 23.973 Executing safepoint VM operation: G1CollectForAllocation (G1 Evacuation Pause) done
Event: 24.040 Executing non-safepoint VM operation: HandshakeAllThreads (Deoptimize)
Event: 24.041 Executing non-safepoint VM operation: HandshakeAllThreads (Deoptimize) done
Event: 24.570 Executing safepoint VM operation: ICBufferFull
Event: 24.570 Executing safepoint VM operation: ICBufferFull done
Event: 24.820 Executing safepoint VM operation: G1CollectForAllocation (G1 Evacuation Pause)
Event: 24.820 Executing safepoint VM operation: G1CollectForAllocation (G1 Evacuation Pause) done
Event: 24.820 Executing safepoint VM operation: G1CollectForAllocation (GCLocker Initiated GC)
Event: 24.829 Executing safepoint VM operation: G1CollectForAllocation (GCLocker Initiated GC) done
Event: 25.067 Executing safepoint VM operation: G1PauseRemark
Event: 25.134 Executing safepoint VM operation: G1PauseRemark done

Memory protections (0 events):
No events

Nmethod flushes (20 events):
Event: 25.132 Thread 0x0000023d7fd64cd0 flushing  nmethod 0x0000023d004db110
Event: 25.132 Thread 0x0000023d7fd64cd0 flushing  nmethod 0x0000023d004ddd90
Event: 25.132 Thread 0x0000023d7fd64cd0 flushing  nmethod 0x0000023d004de590
Event: 25.132 Thread 0x0000023d7fd64cd0 flushing  nmethod 0x0000023d004e0d90
Event: 25.132 Thread 0x0000023d7fd64cd0 flushing  nmethod 0x0000023d00678610
Event: 25.132 Thread 0x0000023d7fd64cd0 flushing  nmethod 0x0000023d00679c10
Event: 25.132 Thread 0x0000023d7fd64cd0 flushing  nmethod 0x0000023d0067c690
Event: 25.132 Thread 0x0000023d7fd64cd0 flushing  nmethod 0x0000023d0067cd10
Event: 25.132 Thread 0x0000023d7fd64cd0 flushing  nmethod 0x0000023d00708610
Event: 25.132 Thread 0x0000023d7fd64cd0 flushing  nmethod 0x0000023d0070e090
Event: 25.132 Thread 0x0000023d7fd64cd0 flushing  nmethod 0x0000023d007b1990
Event: 25.132 Thread 0x0000023d7fd64cd0 flushing  nmethod 0x0000023d00983010
Event: 25.132 Thread 0x0000023d7fd64cd0 flushing  nmethod 0x0000023d009d5510
Event: 25.132 Thread 0x0000023d7fd64cd0 flushing  nmethod 0x0000023d009dab90
Event: 25.132 Thread 0x0000023d7fd64cd0 flushing  nmethod 0x0000023d00cd0b10
Event: 25.132 Thread 0x0000023d7fd64cd0 flushing  nmethod 0x0000023d00d9fd10
Event: 25.132 Thread 0x0000023d7fd64cd0 flushing  nmethod 0x0000023d00e07510
Event: 25.132 Thread 0x0000023d7fd64cd0 flushing  nmethod 0x0000023d00e09590
Event: 25.132 Thread 0x0000023d7fd64cd0 flushing  nmethod 0x0000023d0107d390
Event: 25.132 Thread 0x0000023d7fd64cd0 flushing  nmethod 0x0000023d011a5b10

Events (20 events):
Event: 12.242 Thread 0x0000023d13164940 Thread exited: 0x0000023d13164940
Event: 12.940 Thread 0x0000023d130a61a0 Thread added: 0x0000023d13162060
Event: 13.320 Thread 0x0000023d144b4d50 Thread added: 0x0000023d16eb28b0
Event: 13.911 Thread 0x0000023d144b4d50 Thread added: 0x0000023d16eb35d0
Event: 14.070 Thread 0x0000023d13162060 Thread exited: 0x0000023d13162060
Event: 14.501 Thread 0x0000023d130ac460 Thread added: 0x0000023d13161990
Event: 14.665 Thread 0x0000023d144b4d50 Thread added: 0x0000023d16eb42f0
Event: 15.002 Thread 0x0000023d13161990 Thread exited: 0x0000023d13161990
Event: 15.076 Thread 0x0000023d130ac460 Thread added: 0x0000023d13162730
Event: 21.618 Thread 0x0000023d13162730 Thread exited: 0x0000023d13162730
Event: 21.654 Thread 0x0000023d130ac460 Thread added: 0x0000023d13162730
Event: 21.841 Thread 0x0000023d144b4d50 Thread added: 0x0000023d14ee6d40
Event: 21.842 Thread 0x0000023d144b4d50 Thread added: 0x0000023d14ee8e10
Event: 21.928 Thread 0x0000023d144b4d50 Thread added: 0x0000023d14ee5990
Event: 21.935 Thread 0x0000023d14ee5990 Thread added: 0x0000023d14ee94a0
Event: 21.935 Thread 0x0000023d14ee5990 Thread added: 0x0000023d14ee6020
Event: 21.935 Thread 0x0000023d14ee5990 Thread added: 0x0000023d14ee66b0
Event: 21.959 Thread 0x0000023d14ee94a0 Thread added: 0x0000023d14eea850
Event: 23.552 Thread 0x0000023d14ee94a0 Thread added: 0x0000023d14ee45e0
Event: 24.977 Thread 0x0000023d13162730 Thread exited: 0x0000023d13162730


Dynamic libraries:
0x00007ff7b2180000 - 0x00007ff7b218a000 	C:\Program Files\Android\Android Studio\jbr\bin\java.exe
0x00007fffff600000 - 0x00007fffff868000 	C:\WINDOWS\SYSTEM32\ntdll.dll
0x00007ffffe270000 - 0x00007ffffe339000 	C:\WINDOWS\System32\KERNEL32.DLL
0x00007ffffce60000 - 0x00007ffffd252000 	C:\WINDOWS\System32\KERNELBASE.dll
0x00007ffffc980000 - 0x00007ffffcacb000 	C:\WINDOWS\System32\ucrtbase.dll
0x00007fffd13c0000 - 0x00007fffd13db000 	C:\Program Files\Android\Android Studio\jbr\bin\VCRUNTIME140.dll
0x00007fffeaff0000 - 0x00007fffeb008000 	C:\Program Files\Android\Android Studio\jbr\bin\jli.dll
0x00007ffffeb80000 - 0x00007ffffed45000 	C:\WINDOWS\System32\USER32.dll
0x00007fffe4ca0000 - 0x00007fffe4f33000 	C:\WINDOWS\WinSxS\amd64_microsoft.windows.common-controls_6595b64144ccf1df_6.0.26100.6899_none_3e0efeeae32e88c1\COMCTL32.dll
0x00007ffffcd80000 - 0x00007ffffcda7000 	C:\WINDOWS\System32\win32u.dll
0x00007ffffdc40000 - 0x00007ffffdce9000 	C:\WINDOWS\System32\msvcrt.dll
0x00007ffffdfe0000 - 0x00007ffffe00b000 	C:\WINDOWS\System32\GDI32.dll
0x00007ffffcad0000 - 0x00007ffffcbfd000 	C:\WINDOWS\System32\gdi32full.dll
0x00007ffffcdb0000 - 0x00007ffffce53000 	C:\WINDOWS\System32\msvcp_win.dll
0x00007fffff3a0000 - 0x00007fffff3cf000 	C:\WINDOWS\System32\IMM32.DLL
0x00007fffed560000 - 0x00007fffed56c000 	C:\Program Files\Android\Android Studio\jbr\bin\vcruntime140_1.dll
0x00007fffe67a0000 - 0x00007fffe682d000 	C:\Program Files\Android\Android Studio\jbr\bin\msvcp140.dll
0x00007fff75750000 - 0x00007fff763e6000 	C:\Program Files\Android\Android Studio\jbr\bin\server\jvm.dll
0x00007ffffdd70000 - 0x00007ffffde24000 	C:\WINDOWS\System32\ADVAPI32.dll
0x00007ffffe010000 - 0x00007ffffe0b6000 	C:\WINDOWS\System32\sechost.dll
0x00007ffffdb20000 - 0x00007ffffdc38000 	C:\WINDOWS\System32\RPCRT4.dll
0x00007ffffdcf0000 - 0x00007ffffdd64000 	C:\WINDOWS\System32\WS2_32.dll
0x00007ffffc5f0000 - 0x00007ffffc64e000 	C:\WINDOWS\SYSTEM32\POWRPROF.dll
0x00007fffe7510000 - 0x00007fffe7545000 	C:\WINDOWS\SYSTEM32\WINMM.dll
0x00007fffedab0000 - 0x00007fffedabb000 	C:\WINDOWS\SYSTEM32\VERSION.dll
0x00007ffffc5d0000 - 0x00007ffffc5e4000 	C:\WINDOWS\SYSTEM32\UMPDC.dll
0x00007ffffb530000 - 0x00007ffffb54b000 	C:\WINDOWS\SYSTEM32\kernel.appcore.dll
0x00007fffe39b0000 - 0x00007fffe39ba000 	C:\Program Files\Android\Android Studio\jbr\bin\jimage.dll
0x00007ffff7030000 - 0x00007ffff7272000 	C:\WINDOWS\SYSTEM32\DBGHELP.DLL
0x00007ffffed70000 - 0x00007fffff0eb000 	C:\WINDOWS\System32\combase.dll
0x00007ffffe3c0000 - 0x00007ffffe497000 	C:\WINDOWS\System32\OLEAUT32.dll
0x00007fffdd980000 - 0x00007fffdd9bc000 	C:\WINDOWS\SYSTEM32\dbgcore.DLL
0x00007ffffc8e0000 - 0x00007ffffc978000 	C:\WINDOWS\System32\bcryptPrimitives.dll
0x00007fffeafe0000 - 0x00007fffeafee000 	C:\Program Files\Android\Android Studio\jbr\bin\instrument.dll
0x00007fffc7f60000 - 0x00007fffc7f80000 	C:\Program Files\Android\Android Studio\jbr\bin\java.dll
0x00007fffc1900000 - 0x00007fffc1918000 	C:\Program Files\Android\Android Studio\jbr\bin\zip.dll
0x00007ffffd3d0000 - 0x00007ffffdb1d000 	C:\WINDOWS\System32\SHELL32.dll
0x00007ffffd260000 - 0x00007ffffd3cb000 	C:\WINDOWS\System32\wintypes.dll
0x00007ffffa3c0000 - 0x00007ffffac1d000 	C:\WINDOWS\SYSTEM32\windows.storage.dll
0x00007ffffe5c0000 - 0x00007ffffe6b2000 	C:\WINDOWS\System32\SHCORE.dll
0x00007fffff180000 - 0x00007fffff1e2000 	C:\WINDOWS\System32\shlwapi.dll
0x00007ffffc6b0000 - 0x00007ffffc6d9000 	C:\WINDOWS\SYSTEM32\profapi.dll
0x00007fffdd5e0000 - 0x00007fffdd5f0000 	C:\Program Files\Android\Android Studio\jbr\bin\net.dll
0x00007fffec370000 - 0x00007fffec48f000 	C:\WINDOWS\SYSTEM32\WINHTTP.dll
0x00007ffffbad0000 - 0x00007ffffbb3b000 	C:\WINDOWS\system32\mswsock.dll
0x00007fffc18e0000 - 0x00007fffc18f6000 	C:\Program Files\Android\Android Studio\jbr\bin\nio.dll
0x00007fffed900000 - 0x00007fffed910000 	C:\Program Files\Android\Android Studio\jbr\bin\verify.dll
0x00007fffe69a0000 - 0x00007fffe69c7000 	C:\Users\DELL\.gradle\native\660c5614fbf4a5f2a75b1949f50a0caf5cd603558e7d8a26e50b933a0cfb79d1\windows-amd64\native-platform.dll
0x00007fffe6620000 - 0x00007fffe6697000 	C:\Users\DELL\.gradle\native\0.2.8\x86_64-windows-gnu\gradle-fileevents.dll
0x00007fffeafb0000 - 0x00007fffeafb9000 	C:\Program Files\Android\Android Studio\jbr\bin\management.dll
0x00007fffeafa0000 - 0x00007fffeafab000 	C:\Program Files\Android\Android Studio\jbr\bin\management_ext.dll
0x00007ffffe5b0000 - 0x00007ffffe5b8000 	C:\WINDOWS\System32\PSAPI.DLL
0x00007ffffaf20000 - 0x00007ffffaf54000 	C:\WINDOWS\SYSTEM32\IPHLPAPI.DLL
0x00007ffffe4a0000 - 0x00007ffffe4aa000 	C:\WINDOWS\System32\NSI.dll
0x00007fffeafc0000 - 0x00007fffeafc9000 	C:\Program Files\Android\Android Studio\jbr\bin\extnet.dll
0x00007ffffbd80000 - 0x00007ffffbd9b000 	C:\WINDOWS\SYSTEM32\CRYPTSP.dll
0x00007ffffb490000 - 0x00007ffffb4cb000 	C:\WINDOWS\system32\rsaenh.dll
0x00007ffffbb70000 - 0x00007ffffbb9b000 	C:\WINDOWS\SYSTEM32\USERENV.dll
0x00007ffffc680000 - 0x00007ffffc6a6000 	C:\WINDOWS\SYSTEM32\bcrypt.dll
0x00007ffffbda0000 - 0x00007ffffbdac000 	C:\WINDOWS\SYSTEM32\CRYPTBASE.dll
0x00007fff8d960000 - 0x00007fff8d968000 	C:\WINDOWS\system32\wshunix.dll
0x00007ffffb660000 - 0x00007ffffb696000 	C:\WINDOWS\SYSTEM32\ntmarta.dll

JVMTI agents:
C:\Users\DELL\.gradle\wrapper\dists\gradle-9.4.1-bin\arn2x92ynaizyzdaamcbpbhtj\gradle-9.4.1\lib\agents\gradle-instrumentation-agent-9.4.1.jar path:C:\Program Files\Android\Android Studio\jbr\bin\instrument.dll, loaded, initialized, instrumentlib options:none

dbghelp: loaded successfully - version: 4.0.5 - missing functions: none
symbol engine: initialized successfully - sym options: 0x614 - pdb path: .;C:\Program Files\Android\Android Studio\jbr\bin;C:\WINDOWS\SYSTEM32;C:\WINDOWS\WinSxS\amd64_microsoft.windows.common-controls_6595b64144ccf1df_6.0.26100.6899_none_3e0efeeae32e88c1;C:\Program Files\Android\Android Studio\jbr\bin\server;C:\Users\DELL\.gradle\native\660c5614fbf4a5f2a75b1949f50a0caf5cd603558e7d8a26e50b933a0cfb79d1\windows-amd64;C:\Users\DELL\.gradle\native\0.2.8\x86_64-windows-gnu

VM Arguments:
jvm_args: --add-opens=java.base/java.lang=ALL-UNNAMED --add-opens=java.base/java.lang.invoke=ALL-UNNAMED --add-opens=java.base/java.util=ALL-UNNAMED --add-opens=java.prefs/java.util.prefs=ALL-UNNAMED --add-exports=jdk.compiler/com.sun.tools.javac.api=ALL-UNNAMED --add-exports=jdk.compiler/com.sun.tools.javac.util=ALL-UNNAMED --add-opens=java.base/java.util=ALL-UNNAMED --add-opens=java.prefs/java.util.prefs=ALL-UNNAMED --add-opens=java.base/java.nio.charset=ALL-UNNAMED --add-opens=java.base/java.net=ALL-UNNAMED --add-opens=java.base/java.util.concurrent=ALL-UNNAMED --add-opens=java.base/java.util.concurrent.atomic=ALL-UNNAMED --add-opens=java.xml/javax.xml.namespace=ALL-UNNAMED --add-opens=java.base/java.time=ALL-UNNAMED -Xmx2048m -Dfile.encoding=UTF-8 -Duser.country=IN -Duser.language=en -Duser.variant -javaagent:C:\Users\DELL\.gradle\wrapper\dists\gradle-9.4.1-bin\arn2x92ynaizyzdaamcbpbhtj\gradle-9.4.1\lib\agents\gradle-instrumentation-agent-9.4.1.jar 
java_command: org.gradle.launcher.daemon.bootstrap.GradleDaemon 9.4.1
java_class_path (initial): C:\Users\DELL\.gradle\wrapper\dists\gradle-9.4.1-bin\arn2x92ynaizyzdaamcbpbhtj\gradle-9.4.1\lib\gradle-daemon-main-9.4.1.jar
Launcher Type: SUN_STANDARD

[Global flags]
     intx CICompilerCount                          = 3                                         {product} {ergonomic}
     uint ConcGCThreads                            = 1                                         {product} {ergonomic}
     uint G1ConcRefinementThreads                  = 4                                         {product} {ergonomic}
   size_t G1HeapRegionSize                         = 1048576                                   {product} {ergonomic}
    uintx GCDrainStackTargetSize                   = 64                                        {product} {ergonomic}
   size_t InitialHeapSize                          = 132120576                                 {product} {ergonomic}
   size_t MarkStackSize                            = 4194304                                   {product} {ergonomic}
   size_t MaxHeapSize                              = 2147483648                                {product} {command line}
   size_t MaxNewSize                               = 1287651328                                {product} {ergonomic}
   size_t MinHeapDeltaBytes                        = 1048576                                   {product} {ergonomic}
   size_t MinHeapSize                              = 8388608                                   {product} {ergonomic}
    uintx NonNMethodCodeHeapSize                   = 5832780                                {pd product} {ergonomic}
    uintx NonProfiledCodeHeapSize                  = 122912730                              {pd product} {ergonomic}
    uintx ProfiledCodeHeapSize                     = 122912730                              {pd product} {ergonomic}
    uintx ReservedCodeCacheSize                    = 251658240                              {pd product} {ergonomic}
     bool SegmentedCodeCache                       = true                                      {product} {ergonomic}
   size_t SoftMaxHeapSize                          = 2147483648                             {manageable} {ergonomic}
     bool UseCompressedOops                        = true                           {product lp64_product} {ergonomic}
     bool UseG1GC                                  = true                                      {product} {ergonomic}
     bool UseLargePagesIndividualAllocation        = false                                  {pd product} {ergonomic}

Logging:
Log output configuration:
 #0: stdout all=warning uptime,level,tags foldmultilines=false
 #1: stderr all=off uptime,level,tags foldmultilines=false

Release file:
JAVA_VERSION="21.0.10" 
MODULES="java.base java.compiler java.datatransfer java.xml java.prefs java.desktop java.instrument java.logging java.management java.security.sasl java.naming java.rmi java.management.rmi java.net.http java.scripting java.security.jgss java.transaction.xa java.sql java.sql.rowset java.xml.crypto java.se java.smartcardio jdk.accessibility jdk.internal.jvmstat jdk.attach jdk.charsets jdk.internal.opt jdk.zipfs jdk.compiler jdk.crypto.ec jdk.crypto.cryptoki jdk.dynalink jdk.hotspot.agent jdk.httpserver jdk.internal.ed jdk.internal.le jdk.internal.vm.ci jdk.jartool jdk.javadoc jdk.jcmd jdk.jdeps jdk.jdwp.agent jdk.jdi jdk.jfr jdk.jlink jdk.jsobject jdk.localedata jdk.management jdk.management.agent jdk.management.jfr jdk.naming.dns jdk.naming.rmi jdk.net jdk.sctp jdk.security.auth jdk.security.jgss jdk.unsupported jdk.unsupported.desktop jdk.xml.dom" 
IMPLEMENTOR="JetBrains s.r.o." 
JAVA_RUNTIME_VERSION="21.0.10+-14961533-b1163.108" 
LIBC="default" 
OS_ARCH="x86_64" 
OS_NAME="Windows" 
SOURCE=".:git:1351622c2ff2" 

Environment Variables:
PATH=C:\Program Files\Common Files\Oracle\Java\javapath;C:\WINDOWS\system32;C:\WINDOWS;C:\WINDOWS\System32\Wbem;C:\WINDOWS\System32\WindowsPowerShell\v1.0\;C:\WINDOWS\System32\OpenSSH\;C:\Program Files\MongoDB\Server\8.0\bin;C:\MinGW\bin;C:\Program Files\nodejs\;C:\msys64\mingw64\bin;C:\Users\DELL\AppData\Local\Programs\Python\Launcher\;C:\Users\DELL\AppData\Local\Programs\Python\Python313\Scripts\;C:\Users\DELL\AppData\Local\Programs\Python\Python313\;C:\Users\DELL\AppData\Local\Programs\Python\Python312\Scripts\;C:\Users\DELL\AppData\Local\Programs\Python\Python312\;C:\Users\DELL\AppData\Local\Microsoft\WindowsApps;C:\Users\DELL\AppData\Local\Programs\Microsoft VS Code\bin;C:\Users\DELL\AppData\Local\JetBrains\IntelliJ IDEA Community Edition 2024.1.4\bin;;C:\Program Files\mingw-w64-v11.0.0\mingw-w64-v11.0.0;C:\MinGW\bin;C:\msys64\ucrt64\bin;C:\Users\DELL\AppData\Roaming\npm
USERNAME=DELL
OS=Windows_NT
PROCESSOR_IDENTIFIER=Intel64 Family 6 Model 142 Stepping 10, GenuineIntel
TMP=C:\Users\DELL\AppData\Local\Temp
TEMP=C:\Users\DELL\AppData\Local\Temp




Periodic native trim disabled

JNI global refs:
JNI global refs: 27, weak refs: 1

JNI global refs memory usage: 835, weak refs: 833

Process memory usage:
Resident Set Size: 583944K (7% of 8243644K total physical memory with 865632K free physical memory)

OOME stack traces (most recent first):
Classloader memory used:
